[     264ms] [LOG] %c JSHandle@node @ https://www.douyin.com/search/%E5%88%98%E5%BE%B7%E5%8D%8E%20%E4%B8%AD%E5%9B%BD%E4%BA%BA:0
[     967ms] [ERROR] The Content Security Policy directive 'upgrade-insecure-requests' is ignored when delivered in a report-only policy. @ https://www.douyin.com/search/%E5%88%98%E5%BE%B7%E5%8D%8E%20%E4%B8%AD%E5%9B%BD%E4%BA%BA:0
[    3654ms] [WARNING] A parser-blocking, cross site (i.e. different eTLD+1) script, https://lf-security.bytegoofy.com/obj/security-secsdk/runtime-stable.js, is invoked via document.write. The network request for this script MAY be blocked by the browser in this or a future page load due to poor network connectivity. If blocked in this page load, it will be confirmed in a subsequent console message. See https://www.chromestatus.com/feature/5718547946799104 for more details. @ https://lf-security.bytegoofy.com/obj/security-secsdk/runtime.js:4
[    3654ms] [WARNING] A parser-blocking, cross site (i.e. different eTLD+1) script, https://lf-security.bytegoofy.com/obj/security-secsdk/runtime-stable.js, is invoked via document.write. The network request for this script MAY be blocked by the browser in this or a future page load due to poor network connectivity. If blocked in this page load, it will be confirmed in a subsequent console message. See https://www.chromestatus.com/feature/5718547946799104 for more details. @ https://lf-security.bytegoofy.com/obj/security-secsdk/runtime.js:4
[    4021ms] [WARNING] A parser-blocking, cross site (i.e. different eTLD+1) script, https://lf-security.bytegoofy.com/obj/security-secsdk/config_90.js, is invoked via document.write. The network request for this script MAY be blocked by the browser in this or a future page load due to poor network connectivity. If blocked in this page load, it will be confirmed in a subsequent console message. See https://www.chromestatus.com/feature/5718547946799104 for more details. @ https://lf-security.bytegoofy.com/obj/security-secsdk/runtime-stable.js:4
[    4021ms] [WARNING] A parser-blocking, cross site (i.e. different eTLD+1) script, https://lf-security.bytegoofy.com/obj/security-secsdk/config_90.js, is invoked via document.write. The network request for this script MAY be blocked by the browser in this or a future page load due to poor network connectivity. If blocked in this page load, it will be confirmed in a subsequent console message. See https://www.chromestatus.com/feature/5718547946799104 for more details. @ https://lf-security.bytegoofy.com/obj/security-secsdk/runtime-stable.js:4
[    4022ms] [WARNING] A parser-blocking, cross site (i.e. different eTLD+1) script, https://lf-security.bytegoofy.com/obj/security-secsdk/project_90.js, is invoked via document.write. The network request for this script MAY be blocked by the browser in this or a future page load due to poor network connectivity. If blocked in this page load, it will be confirmed in a subsequent console message. See https://www.chromestatus.com/feature/5718547946799104 for more details. @ https://lf-security.bytegoofy.com/obj/security-secsdk/runtime-stable.js:4
[    4023ms] [WARNING] A parser-blocking, cross site (i.e. different eTLD+1) script, https://lf-security.bytegoofy.com/obj/security-secsdk/strategy_90.js?v=1, is invoked via document.write. The network request for this script MAY be blocked by the browser in this or a future page load due to poor network connectivity. If blocked in this page load, it will be confirmed in a subsequent console message. See https://www.chromestatus.com/feature/5718547946799104 for more details. @ https://lf-security.bytegoofy.com/obj/security-secsdk/runtime-stable.js:4
[    5466ms] [LOG] init or use must be first call, cmd: config @ https://lf-static.applogcdn.com/obj/applog-sdk-static/log-sdk/collect/5/collect.dy.js:0
[    5467ms] [LOG] init or use must be first call, cmd: start @ https://lf-static.applogcdn.com/obj/applog-sdk-static/log-sdk/collect/5/collect.dy.js:0
[    5467ms] [LOG] init or use must be first call, cmd: config @ https://lf-static.applogcdn.com/obj/applog-sdk-static/log-sdk/collect/5/collect.dy.js:0
[    5467ms] [LOG] init or use must be first call, cmd: start @ https://lf-static.applogcdn.com/obj/applog-sdk-static/log-sdk/collect/5/collect.dy.js:0
[    5467ms] [LOG] init or use must be first call, cmd: config @ https://lf-static.applogcdn.com/obj/applog-sdk-static/log-sdk/collect/5/collect.dy.js:0
[    5467ms] [LOG] init or use must be first call, cmd: start @ https://lf-static.applogcdn.com/obj/applog-sdk-static/log-sdk/collect/5/collect.dy.js:0
[    5467ms] [LOG] init or use must be first call, cmd: config @ https://lf-static.applogcdn.com/obj/applog-sdk-static/log-sdk/collect/5/collect.dy.js:0
[    5467ms] [LOG] init or use must be first call, cmd: start @ https://lf-static.applogcdn.com/obj/applog-sdk-static/log-sdk/collect/5/collect.dy.js:0
[    5566ms] [LOG] init or use must be first call, cmd: start @ https://lf-static.applogcdn.com/obj/applog-sdk-static/log-sdk/collect/5/collect.dy.js:0
[    5809ms] [ERROR] The Content Security Policy directive 'upgrade-insecure-requests' is ignored when delivered in a report-only policy. @ https://lf-douyin-pc-search.douyinstatic.com/obj/douyin-pc-search/ies/douyin/search/player-0.bc67ed00.js:1
[    5809ms] [ERROR] The Content Security Policy directive 'upgrade-insecure-requests' is ignored when delivered in a report-only policy. @ https://lf-douyin-pc-search.douyinstatic.com/obj/douyin-pc-search/ies/douyin/search/player-0.bc67ed00.js:1
[    5811ms] [ERROR] The Content Security Policy directive 'upgrade-insecure-requests' is ignored when delivered in a report-only policy. @ https://lf-douyin-pc-search.douyinstatic.com/obj/douyin-pc-search/ies/douyin/search/player-0.bc67ed00.js:1
[    5967ms] [ERROR] Failed to load resource: the server responded with a status of 418 () @ https://lf-douyin-pc-web.douyinstatic.com/obj/douyin-pc-web/uuu_265.mp4:0
[    6248ms] [ERROR] The Content Security Policy directive 'upgrade-insecure-requests' is ignored when delivered in a report-only policy. @ https://lf-douyin-pc-search.douyinstatic.com/obj/douyin-pc-search/ies/douyin/search/async/9499.d7714ebc.js:1
[    6318ms] [ERROR] Failed to load resource: the server responded with a status of 418 () @ https://lf-douyin-pc-web.douyinstatic.com/obj/passport-fe/ucenter_fe/@byted/uc-secure-dtrait-core/1.0.31/dist/index.umd.production.js:0
[    6387ms] [ERROR] Failed to load resource: the server responded with a status of 418 () @ https://lf-douyin-pc-web.douyinstatic.com/obj/passport-fe/ucenter_fe/@byted/uc-secure-dtrait-core/1.0.31/dist/index.umd.production.js:0
[    6467ms] [ERROR] Failed to load resource: the server responded with a status of 418 () @ https://lf-douyin-pc-web.douyinstatic.com/obj/passport-fe/ucenter_fe/@byted/uc-secure-dtrait-core/1.0.31/dist/index.umd.production.js:0
[    6537ms] [ERROR] Failed to load resource: the server responded with a status of 418 () @ https://lf-douyin-pc-web.douyinstatic.com/obj/passport-fe/ucenter_fe/@byted/uc-secure-dtrait-core/1.0.31/dist/index.umd.production.js:0
[    6606ms] [ERROR] Failed to load resource: the server responded with a status of 418 () @ https://lf-douyin-pc-web.douyinstatic.com/obj/passport-fe/ucenter_fe/@byted/uc-secure-dtrait-core/1.0.31/dist/index.umd.production.js:0
[    6614ms] [LOG] [ Federation Runtime ] Version 18.3.0-canary-587ae49d7-20230720 from @demo/douyin-web of shared singleton module react does not satisfy the requirement of @revenue-wallet-fe/recharge-web which needs ^18.3.1) @ https://lf3-webcast.bytetos.com/obj/webcast-new/recharge_web_vmok/vmok-remote-entry.9a192be8.js:3
[    6615ms] [LOG] [ Federation Runtime ] Version 18.3.0-canary-587ae49d7-20230720 from @demo/douyin-web of shared singleton module react-dom does not satisfy the requirement of @revenue-wallet-fe/recharge-web which needs ^18.3.1) @ https://lf3-webcast.bytetos.com/obj/webcast-new/recharge_web_vmok/vmok-remote-entry.9a192be8.js:3
[    6629ms] [WARNING] Cannot assign to read only property 'call' of object '#<Object>' @ https://lf3-webcast.bytetos.com/obj/webcast-new/recharge_web_vmok/static/js/async/__federation_expose_data.783d5811.js:1
[    6631ms] [LOG] getRechargePackages requestParams {path: /webcast/diamond/, queryParams: Object} @ https://lf3-webcast.bytetos.com/obj/webcast-new/recharge_web_vmok/static/js/async/__federation_expose_data.783d5811.js:1
[    6675ms] [ERROR] Failed to load resource: the server responded with a status of 418 () @ https://lf-douyin-pc-web.douyinstatic.com/obj/passport-fe/ucenter_fe/@byted/uc-secure-dtrait-core/1.0.31/dist/index.umd.production.js:0
[    7234ms] [LOG] [prefetch] packageData [local]:  {packages: Array(7), extra: Object} @ https://lf3-webcast.bytetos.com/obj/webcast-new/recharge_web_vmok/static/js/async/__federation_expose_data.783d5811.js:1
[   11317ms] [ERROR] Failed to load resource: net::ERR_CONNECTION_CLOSED @ https://lf3-config.bytetcc.com/obj/tcc-config-web/tcc-v2-data-douyin.pc.web-default:0
[   11320ms] Error: Network Error
    at e.exports (https://lf-douyin-pc-search.douyinstatic.com/obj/douyin-pc-search/ies/douyin/search/client-entry~0.4230f91e.js:2:235189)
    at y.onerror (https://lf-douyin-pc-search.douyinstatic.com/obj/douyin-pc-search/ies/douyin/search/client-entry~0.4230f91e.js:2:229569)
[   11321ms] Error: Network Error
    at e.exports (https://lf-douyin-pc-search.douyinstatic.com/obj/douyin-pc-search/ies/douyin/search/client-entry~0.4230f91e.js:2:235189)
    at y.onerror (https://lf-douyin-pc-search.douyinstatic.com/obj/douyin-pc-search/ies/douyin/search/client-entry~0.4230f91e.js:2:229569)
[   11321ms] Error: Network Error
    at e.exports (https://lf-douyin-pc-search.douyinstatic.com/obj/douyin-pc-search/ies/douyin/search/client-entry~0.4230f91e.js:2:235189)
    at y.onerror (https://lf-douyin-pc-search.douyinstatic.com/obj/douyin-pc-search/ies/douyin/search/client-entry~0.4230f91e.js:2:229569)
[   11321ms] Error: Network Error
    at e.exports (https://lf-douyin-pc-search.douyinstatic.com/obj/douyin-pc-search/ies/douyin/search/client-entry~0.4230f91e.js:2:235189)
    at y.onerror (https://lf-douyin-pc-search.douyinstatic.com/obj/douyin-pc-search/ies/douyin/search/client-entry~0.4230f91e.js:2:229569)
[   11322ms] Error: Network Error
    at e.exports (https://lf-douyin-pc-search.douyinstatic.com/obj/douyin-pc-search/ies/douyin/search/client-entry~0.4230f91e.js:2:235189)
    at y.onerror (https://lf-douyin-pc-search.douyinstatic.com/obj/douyin-pc-search/ies/douyin/search/client-entry~0.4230f91e.js:2:229569)
[   11322ms] Error: Network Error
    at e.exports (https://lf-douyin-pc-search.douyinstatic.com/obj/douyin-pc-search/ies/douyin/search/client-entry~0.4230f91e.js:2:235189)
    at y.onerror (https://lf-douyin-pc-search.douyinstatic.com/obj/douyin-pc-search/ies/douyin/search/client-entry~0.4230f91e.js:2:229569)
[   11322ms] Error: Network Error
    at e.exports (https://lf-douyin-pc-search.douyinstatic.com/obj/douyin-pc-search/ies/douyin/search/client-entry~0.4230f91e.js:2:235189)
    at y.onerror (https://lf-douyin-pc-search.douyinstatic.com/obj/douyin-pc-search/ies/douyin/search/client-entry~0.4230f91e.js:2:229569)
[   11322ms] Error: Network Error
    at e.exports (https://lf-douyin-pc-search.douyinstatic.com/obj/douyin-pc-search/ies/douyin/search/client-entry~0.4230f91e.js:2:235189)
    at y.onerror (https://lf-douyin-pc-search.douyinstatic.com/obj/douyin-pc-search/ies/douyin/search/client-entry~0.4230f91e.js:2:229569)
[   11322ms] Error: Network Error
    at e.exports (https://lf-douyin-pc-search.douyinstatic.com/obj/douyin-pc-search/ies/douyin/search/client-entry~0.4230f91e.js:2:235189)
    at y.onerror (https://lf-douyin-pc-search.douyinstatic.com/obj/douyin-pc-search/ies/douyin/search/client-entry~0.4230f91e.js:2:229569)
[   11323ms] Error: Network Error
    at e.exports (https://lf-douyin-pc-search.douyinstatic.com/obj/douyin-pc-search/ies/douyin/search/client-entry~0.4230f91e.js:2:235189)
    at y.onerror (https://lf-douyin-pc-search.douyinstatic.com/obj/douyin-pc-search/ies/douyin/search/client-entry~0.4230f91e.js:2:229569)
[   11323ms] Error: Network Error
    at e.exports (https://lf-douyin-pc-search.douyinstatic.com/obj/douyin-pc-search/ies/douyin/search/client-entry~0.4230f91e.js:2:235189)
    at y.onerror (https://lf-douyin-pc-search.douyinstatic.com/obj/douyin-pc-search/ies/douyin/search/client-entry~0.4230f91e.js:2:229569)
[   11323ms] Error: Network Error
    at e.exports (https://lf-douyin-pc-search.douyinstatic.com/obj/douyin-pc-search/ies/douyin/search/client-entry~0.4230f91e.js:2:235189)
    at y.onerror (https://lf-douyin-pc-search.douyinstatic.com/obj/douyin-pc-search/ies/douyin/search/client-entry~0.4230f91e.js:2:229569)
[   11323ms] Error: Network Error
    at e.exports (https://lf-douyin-pc-search.douyinstatic.com/obj/douyin-pc-search/ies/douyin/search/client-entry~0.4230f91e.js:2:235189)
    at y.onerror (https://lf-douyin-pc-search.douyinstatic.com/obj/douyin-pc-search/ies/douyin/search/client-entry~0.4230f91e.js:2:229569)
[   11323ms] Error: Network Error
    at e.exports (https://lf-douyin-pc-search.douyinstatic.com/obj/douyin-pc-search/ies/douyin/search/client-entry~0.4230f91e.js:2:235189)
    at y.onerror (https://lf-douyin-pc-search.douyinstatic.com/obj/douyin-pc-search/ies/douyin/search/client-entry~0.4230f91e.js:2:229569)
[   11323ms] Error: Network Error
    at e.exports (https://lf-douyin-pc-search.douyinstatic.com/obj/douyin-pc-search/ies/douyin/search/client-entry~0.4230f91e.js:2:235189)
    at y.onerror (https://lf-douyin-pc-search.douyinstatic.com/obj/douyin-pc-search/ies/douyin/search/client-entry~0.4230f91e.js:2:229569)
[   11323ms] Error: Network Error
    at e.exports (https://lf-douyin-pc-search.douyinstatic.com/obj/douyin-pc-search/ies/douyin/search/client-entry~0.4230f91e.js:2:235189)
    at y.onerror (https://lf-douyin-pc-search.douyinstatic.com/obj/douyin-pc-search/ies/douyin/search/client-entry~0.4230f91e.js:2:229569)
[   11323ms] Error: Network Error
    at e.exports (https://lf-douyin-pc-search.douyinstatic.com/obj/douyin-pc-search/ies/douyin/search/client-entry~0.4230f91e.js:2:235189)
    at y.onerror (https://lf-douyin-pc-search.douyinstatic.com/obj/douyin-pc-search/ies/douyin/search/client-entry~0.4230f91e.js:2:229569)
[   14454ms] [ERROR] The Content Security Policy directive 'upgrade-insecure-requests' is ignored when delivered in a report-only policy. @ https://lf-douyin-pc-search.douyinstatic.com/obj/douyin-pc-search/ies/douyin/search/async/1422.dd9762bc.js:1
[   14493ms] [ERROR] Failed to launch 'bitbrowser://cc/' because the scheme does not have a registered handler. @ https://www.douyin.com/search/%E5%88%98%E5%BE%B7%E5%8D%8E%20%E4%B8%AD%E5%9B%BD%E4%BA%BA:0
[   14619ms] [ERROR] The Content Security Policy directive 'upgrade-insecure-requests' is ignored when delivered in a report-only policy. @ https://lf-douyin-pc-search.douyinstatic.com/obj/douyin-pc-search/ies/douyin/search/async/1422.dd9762bc.js:1
[   14620ms] [ERROR] The Content Security Policy directive 'upgrade-insecure-requests' is ignored when delivered in a report-only policy. @ https://lf-douyin-pc-search.douyinstatic.com/obj/douyin-pc-search/ies/douyin/search/async/1422.dd9762bc.js:1
[   14622ms] [ERROR] The Content Security Policy directive 'upgrade-insecure-requests' is ignored when delivered in a report-only policy. @ https://lf-douyin-pc-search.douyinstatic.com/obj/douyin-pc-search/ies/douyin/search/async/1422.dd9762bc.js:1
[   16569ms] [ERROR] The Content Security Policy directive 'upgrade-insecure-requests' is ignored when delivered in a report-only policy. @ :2
[   16570ms] [ERROR] The Content Security Policy directive 'upgrade-insecure-requests' is ignored when delivered in a report-only policy. @ :2
[   16572ms] [ERROR] The Content Security Policy directive 'upgrade-insecure-requests' is ignored when delivered in a report-only policy. @ :2
[   16613ms] [LOG] [c0] @ :2
