[    3743ms] [WARNING] Failed to fetch ipywidgets through the "jupyter.widget.control" comm channel, fallback to fetching individual model state. Reason: Control comm was closed too early @ https://a1078485-a3ae-cd3fe9bf.nmb2.seetacloud.com:8443/jupyter/lab/extensions/@jupyter-widgets/jupyterlab-manager/static/150.b0e841b75317744a7595.js?v=b0e841b75317744a7595:0
[  181667ms] [ERROR] Failed to load resource: net::ERR_INTERNET_DISCONNECTED @ https://a1078485-a3ae-cd3fe9bf.nmb2.seetacloud.com:8443/jupyter/api/kernels?1784003964193:0
[  181697ms] [ERROR] Failed to load resource: net::ERR_INTERNET_DISCONNECTED @ https://a1078485-a3ae-cd3fe9bf.nmb2.seetacloud.com:8443/jupyter/api/terminals?1784003964223:0
[  181698ms] [WARNING] Showing error: {message: 无法连接到 Jupyter 服务器。
JupyterLab 将继续尝试重新连接。
请检查您的网络连接或 Jupyter 服务器配置。
} @ https://a1078485-a3ae-cd3fe9bf.nmb2.seetacloud.com:8443/jupyter/static/lab/jlab_core.3e11c5239452d671150c.js?v=3e11c5239452d671150c:1
[  187589ms] [ERROR] Failed to load resource: net::ERR_NAME_NOT_RESOLVED @ https://a1078485-a3ae-cd3fe9bf.nmb2.seetacloud.com:8443/jupyter/api/kernelspecs?1784003966286:0
[  187590ms] [ERROR] Failed to load resource: net::ERR_NAME_NOT_RESOLVED @ https://a1078485-a3ae-cd3fe9bf.nmb2.seetacloud.com:8443/jupyter/api/me?1784003966290:0
[  187590ms] [ERROR] Failed to load resource: net::ERR_NAME_NOT_RESOLVED @ https://a1078485-a3ae-cd3fe9bf.nmb2.seetacloud.com:8443/jupyter/api/sessions?1784003967099:0
[  187590ms] [WARNING] Showing error: {message: 无法连接到 Jupyter 服务器。
JupyterLab 将继续尝试重新连接。
请检查您的网络连接或 Jupyter 服务器配置。
} @ https://a1078485-a3ae-cd3fe9bf.nmb2.seetacloud.com:8443/jupyter/static/lab/jlab_core.3e11c5239452d671150c.js?v=3e11c5239452d671150c:1
[  187590ms] [ERROR] Failed to load resource: net::ERR_NAME_NOT_RESOLVED @ https://a1078485-a3ae-cd3fe9bf.nmb2.seetacloud.com:8443/jupyter/api/contents?content=1&1784003967403:0
[  339502ms] [WARNING] Connection lost, reconnecting in 0 seconds. @ https://a1078485-a3ae-cd3fe9bf.nmb2.seetacloud.com:8443/jupyter/static/lab/jlab_core.3e11c5239452d671150c.js?v=3e11c5239452d671150c:1
[  351713ms] [ERROR] WebSocket connection to 'wss://a1078485-a3ae-cd3fe9bf.nmb2.seetacloud.com:8443/jupyter/api/kernels/19ba67f7-0ade-4a0b-9983-a3ee7027c626/channels?session_id=6f765353-ed82-4439-a2ac-1a3975ce844e' failed: Error in connection establishment: net::ERR_CONNECTION_TIMED_OUT @ https://a1078485-a3ae-cd3fe9bf.nmb2.seetacloud.com:8443/jupyter/static/lab/jlab_core.3e11c5239452d671150c.js?v=3e11c5239452d671150c:1
[  351775ms] [WARNING] Connection lost, reconnecting in 0 seconds. @ https://a1078485-a3ae-cd3fe9bf.nmb2.seetacloud.com:8443/jupyter/static/lab/jlab_core.3e11c5239452d671150c.js?v=3e11c5239452d671150c:1
[  364074ms] [ERROR] WebSocket connection to 'wss://a1078485-a3ae-cd3fe9bf.nmb2.seetacloud.com:8443/jupyter/api/kernels/19ba67f7-0ade-4a0b-9983-a3ee7027c626/channels?session_id=6f765353-ed82-4439-a2ac-1a3975ce844e' failed: Error in connection establishment: net::ERR_CONNECTION_TIMED_OUT @ https://a1078485-a3ae-cd3fe9bf.nmb2.seetacloud.com:8443/jupyter/static/lab/jlab_core.3e11c5239452d671150c.js?v=3e11c5239452d671150c:1
[  364135ms] [WARNING] Connection lost, reconnecting in 0 seconds. @ https://a1078485-a3ae-cd3fe9bf.nmb2.seetacloud.com:8443/jupyter/static/lab/jlab_core.3e11c5239452d671150c.js?v=3e11c5239452d671150c:1
[  365872ms] [WARNING] Connection lost, reconnecting in 0 seconds. @ https://a1078485-a3ae-cd3fe9bf.nmb2.seetacloud.com:8443/jupyter/static/lab/jlab_core.3e11c5239452d671150c.js?v=3e11c5239452d671150c:1
[  365872ms] [WARNING] WebSocket connection to 'wss://a1078485-a3ae-cd3fe9bf.nmb2.seetacloud.com:8443/jupyter/api/kernels/19ba67f7-0ade-4a0b-9983-a3ee7027c626/channels?session_id=6f765353-ed82-4439-a2ac-1a3975ce844e' failed: WebSocket is closed before the connection is established. @ https://a1078485-a3ae-cd3fe9bf.nmb2.seetacloud.com:8443/jupyter/static/lab/jlab_core.3e11c5239452d671150c.js?v=3e11c5239452d671150c:1
[  366558ms] [WARNING] Failed to fetch ipywidgets through the "jupyter.widget.control" comm channel, fallback to fetching individual model state. Reason: Control comm was closed too early @ https://a1078485-a3ae-cd3fe9bf.nmb2.seetacloud.com:8443/jupyter/lab/extensions/@jupyter-widgets/jupyterlab-manager/static/150.b0e841b75317744a7595.js?v=b0e841b75317744a7595:0
[  596290ms] [ERROR] Failed to load resource: net::ERR_CONNECTION_TIMED_OUT @ https://a1078485-a3ae-cd3fe9bf.nmb2.seetacloud.com:8443/jupyter/api/kernels?1784004373659:0
[  596509ms] [ERROR] Failed to load resource: net::ERR_CONNECTION_TIMED_OUT @ https://a1078485-a3ae-cd3fe9bf.nmb2.seetacloud.com:8443/jupyter/api/terminals?1784004376265:0
[  596510ms] [WARNING] Showing error: {message: 无法连接到 Jupyter 服务器。
JupyterLab 将继续尝试重新连接。
请检查您的网络连接或 Jupyter 服务器配置。
} @ https://a1078485-a3ae-cd3fe9bf.nmb2.seetacloud.com:8443/jupyter/static/lab/jlab_core.3e11c5239452d671150c.js?v=3e11c5239452d671150c:1
[  596519ms] [ERROR] Failed to load resource: net::ERR_CONNECTION_TIMED_OUT @ https://a1078485-a3ae-cd3fe9bf.nmb2.seetacloud.com:8443/jupyter/api/sessions?1784004376548:0
[  596519ms] [WARNING] Showing error: {message: 无法连接到 Jupyter 服务器。
JupyterLab 将继续尝试重新连接。
请检查您的网络连接或 Jupyter 服务器配置。
} @ https://a1078485-a3ae-cd3fe9bf.nmb2.seetacloud.com:8443/jupyter/static/lab/jlab_core.3e11c5239452d671150c.js?v=3e11c5239452d671150c:1
[  596520ms] [ERROR] Failed to load resource: net::ERR_CONNECTION_TIMED_OUT @ https://a1078485-a3ae-cd3fe9bf.nmb2.seetacloud.com:8443/jupyter/api/contents?content=1&1784004376916:0
