[     140ms] [LOG] production @ https://www.autodl.com/assets/components.7b75c5a6.js:0
[     141ms] [LOG] https://www.autodl.com @ https://www.autodl.com/assets/service-code.2c1d2cac.js:0
[     226ms] [COUNT] %c%d: 1 @ https://g.alicdn.com/captcha-frontend/FeiLin/1.4.2/feilin104.f39298df43efd0cdf80d4119baa58370fe02ddb93efd744cb5f68db5a4e5256c.js:0
[     226ms] [DIR] %c%d font-size:0;color:transparent Error @ https://g.alicdn.com/captcha-frontend/FeiLin/1.4.2/feilin104.f39298df43efd0cdf80d4119baa58370fe02ddb93efd744cb5f68db5a4e5256c.js:0
[     226ms] [DIRXML] %c%d font-size:0;color:transparent Error @ https://g.alicdn.com/captcha-frontend/FeiLin/1.4.2/feilin104.f39298df43efd0cdf80d4119baa58370fe02ddb93efd744cb5f68db5a4e5256c.js:0
[     226ms] [INFO] %c%d font-size:0;color:transparent NaN @ https://g.alicdn.com/captcha-frontend/FeiLin/1.4.2/feilin104.f39298df43efd0cdf80d4119baa58370fe02ddb93efd744cb5f68db5a4e5256c.js:0
[     226ms] [INFO] %c%d font-size:0;color:transparent NaN @ https://g.alicdn.com/captcha-frontend/FeiLin/1.4.2/feilin104.f39298df43efd0cdf80d4119baa58370fe02ddb93efd744cb5f68db5a4e5256c.js:0
[     227ms] [LOG] %c%d font-size:0;color:transparent NaN @ https://g.alicdn.com/captcha-frontend/FeiLin/1.4.2/feilin104.f39298df43efd0cdf80d4119baa58370fe02ddb93efd744cb5f68db5a4e5256c.js:0
[     227ms] [TABLE] %c%d font-size:0;color:transparent Error @ https://g.alicdn.com/captcha-frontend/FeiLin/1.4.2/feilin104.f39298df43efd0cdf80d4119baa58370fe02ddb93efd744cb5f68db5a4e5256c.js:0
[     227ms] [INFO] %c%d font-size:0;color:transparent NaN @ https://g.alicdn.com/captcha-frontend/FeiLin/1.4.2/feilin104.f39298df43efd0cdf80d4119baa58370fe02ddb93efd744cb5f68db5a4e5256c.js:0
[   30416ms] Error: timeout of 30000ms exceeded
    at ej (https://www.autodl.com/assets/vendor.93a2c36e.js:44:81309)
    at o.ontimeout (https://www.autodl.com/assets/vendor.93a2c36e.js:44:84417)
[   30417ms] Error: timeout of 30000ms exceeded
    at ej (https://www.autodl.com/assets/vendor.93a2c36e.js:44:81309)
    at o.ontimeout (https://www.autodl.com/assets/vendor.93a2c36e.js:44:84417)
[   30418ms] Error: timeout of 30000ms exceeded
    at ej (https://www.autodl.com/assets/vendor.93a2c36e.js:44:81309)
    at o.ontimeout (https://www.autodl.com/assets/vendor.93a2c36e.js:44:84417)
[   75335ms] [ERROR] Failed to load resource: net::ERR_CONNECTION_TIMED_OUT @ https://www.googletagmanager.com/td?id=G-NDC1CJB7XZ&v=3&t=t&pid=1386695918&gtm=45je67a1v875224417za200zd875224417&seq=1&exp=115616986~115938465~115938468~118826210~118897920~118897930~119027224~119724320&dl=www.autodl.com%2Fconsole&tdp=G-NDC1CJB7XZ;75224417;0;0;0&frm=0&rtg=75224417&slo=0&hlo=2&lst=3&bt=0&ct=3&z=0:0
[  169120ms] [LOG] 7 <div class="cell"><!----><!----><div data-v-191409a4="" style="display: inline-block; vertical-align: top;"><div data-v-128cbbd2=""><div data-v-128cbbd2="">登录指令</div><div class="login" data-v-128cbbd2=""><span data-v-128cbbd2="">ssh******</span><span class="iconfont icon-fuzhi" data-v-128cbbd2=""></ @ :0
[  225356ms] [LOG] DIV cell 登录指令ssh******密码********* @ :0
[  225356ms] [LOG] DIV login ssh****** @ :0
[  225356ms] [LOG] SPAN iconfont icon-fuzhi  @ :0
[  225356ms] [LOG] DIV login ********* @ :0
[  225356ms] [LOG] SPAN iconfont icon-fuzhi  @ :0
[  257458ms] [LOG] 定时关机当前服务器时间：2026-07-14 12:21如和您本地时间有差异，以下定时关机时间请以服务器时间为准定时关机时间：预计消费：选择时间后计算费用账户余额： ￥ 2.46账户代金券： ￥ 0.00取消确定 @ :0
[  257458ms] [LOG] 缩容取消确定 @ :0
[  257458ms] [LOG] 跨实例拷贝数据 今日剩余拷贝次数：10 取消确定 @ :0
[  257458ms] [LOG] 克隆实例今天剩余克隆次数：10次取消继续 @ :0
[  257458ms] [LOG] 提示确认 @ :0
[  257458ms] [LOG] 修改SSH密码取消确定 @ :0
[  257458ms] [LOG] 修改自定义服务端口协议取消确定 @ :0
[  257458ms] [LOG] 提示取消同意 @ :0
[  257458ms] [LOG] 更换镜像取消确定 @ :0
[  257458ms] [LOG] 保存镜像取消确定 @ :0
[  257458ms] [LOG] 订阅空闲GPU取消确定 @ :0
[  257458ms] [LOG] 批量续费总支付金额：￥0.00账户余额：￥2.46取消续费 @ :0
[  257458ms] [LOG] 续费正在处理完成 @ :0
[  257458ms] [LOG] 设置显示列取消确定 @ :0
[  261105ms] [LOG] production @ https://www.autodl.com/assets/components.7b75c5a6.js:0
[  261108ms] [LOG] https://www.autodl.com @ https://www.autodl.com/assets/service-code.2c1d2cac.js:0
[  261306ms] [COUNT] %c%d: 1 @ https://g.alicdn.com/captcha-frontend/FeiLin/1.4.2/feilin104.f39298df43efd0cdf80d4119baa58370fe02ddb93efd744cb5f68db5a4e5256c.js:0
[  261306ms] [DIR] %c%d font-size:0;color:transparent Error @ https://g.alicdn.com/captcha-frontend/FeiLin/1.4.2/feilin104.f39298df43efd0cdf80d4119baa58370fe02ddb93efd744cb5f68db5a4e5256c.js:0
[  261306ms] [DIRXML] %c%d font-size:0;color:transparent Error @ https://g.alicdn.com/captcha-frontend/FeiLin/1.4.2/feilin104.f39298df43efd0cdf80d4119baa58370fe02ddb93efd744cb5f68db5a4e5256c.js:0
[  261306ms] [INFO] %c%d font-size:0;color:transparent NaN @ https://g.alicdn.com/captcha-frontend/FeiLin/1.4.2/feilin104.f39298df43efd0cdf80d4119baa58370fe02ddb93efd744cb5f68db5a4e5256c.js:0
[  261306ms] [INFO] %c%d font-size:0;color:transparent NaN @ https://g.alicdn.com/captcha-frontend/FeiLin/1.4.2/feilin104.f39298df43efd0cdf80d4119baa58370fe02ddb93efd744cb5f68db5a4e5256c.js:0
[  261306ms] [LOG] %c%d font-size:0;color:transparent NaN @ https://g.alicdn.com/captcha-frontend/FeiLin/1.4.2/feilin104.f39298df43efd0cdf80d4119baa58370fe02ddb93efd744cb5f68db5a4e5256c.js:0
[  261306ms] [TABLE] %c%d font-size:0;color:transparent Error @ https://g.alicdn.com/captcha-frontend/FeiLin/1.4.2/feilin104.f39298df43efd0cdf80d4119baa58370fe02ddb93efd744cb5f68db5a4e5256c.js:0
[  261306ms] [INFO] %c%d font-size:0;color:transparent NaN @ https://g.alicdn.com/captcha-frontend/FeiLin/1.4.2/feilin104.f39298df43efd0cdf80d4119baa58370fe02ddb93efd744cb5f68db5a4e5256c.js:0
[  371621ms] [LOG] production @ https://www.autodl.com/assets/components.7b75c5a6.js:0
[  371623ms] [LOG] https://www.autodl.com @ https://www.autodl.com/assets/service-code.2c1d2cac.js:0
[  371851ms] [COUNT] %c%d: 1 @ https://g.alicdn.com/captcha-frontend/FeiLin/1.4.2/feilin104.f39298df43efd0cdf80d4119baa58370fe02ddb93efd744cb5f68db5a4e5256c.js:0
[  371851ms] [DIR] %c%d font-size:0;color:transparent Error @ https://g.alicdn.com/captcha-frontend/FeiLin/1.4.2/feilin104.f39298df43efd0cdf80d4119baa58370fe02ddb93efd744cb5f68db5a4e5256c.js:0
[  371851ms] [DIRXML] %c%d font-size:0;color:transparent Error @ https://g.alicdn.com/captcha-frontend/FeiLin/1.4.2/feilin104.f39298df43efd0cdf80d4119baa58370fe02ddb93efd744cb5f68db5a4e5256c.js:0
[  371851ms] [INFO] %c%d font-size:0;color:transparent NaN @ https://g.alicdn.com/captcha-frontend/FeiLin/1.4.2/feilin104.f39298df43efd0cdf80d4119baa58370fe02ddb93efd744cb5f68db5a4e5256c.js:0
[  371851ms] [INFO] %c%d font-size:0;color:transparent NaN @ https://g.alicdn.com/captcha-frontend/FeiLin/1.4.2/feilin104.f39298df43efd0cdf80d4119baa58370fe02ddb93efd744cb5f68db5a4e5256c.js:0
[  371851ms] [LOG] %c%d font-size:0;color:transparent NaN @ https://g.alicdn.com/captcha-frontend/FeiLin/1.4.2/feilin104.f39298df43efd0cdf80d4119baa58370fe02ddb93efd744cb5f68db5a4e5256c.js:0
[  371851ms] [TABLE] %c%d font-size:0;color:transparent Error @ https://g.alicdn.com/captcha-frontend/FeiLin/1.4.2/feilin104.f39298df43efd0cdf80d4119baa58370fe02ddb93efd744cb5f68db5a4e5256c.js:0
[  371851ms] [INFO] %c%d font-size:0;color:transparent NaN @ https://g.alicdn.com/captcha-frontend/FeiLin/1.4.2/feilin104.f39298df43efd0cdf80d4119baa58370fe02ddb93efd744cb5f68db5a4e5256c.js:0
[  406333ms] [LOG] ssh******  @ :0
[  406333ms] [LOG]  iconfont icon-fuzhi @ :0
[  406333ms] [LOG] *********  @ :0
[  406333ms] [LOG]  iconfont icon-fuzhi @ :0
[  475667ms] [LOG] {"code":"AuthorizeFailed","data":null,"msg":"登录超时，请重新登录","request_id":"caccb05fd822053e8d22655dcb3ed900"} @ :0
[  493888ms] [LOG] production @ https://www.autodl.com/assets/components.7b75c5a6.js:0
[  493891ms] [LOG] https://www.autodl.com @ https://www.autodl.com/assets/service-code.2c1d2cac.js:0
[  494110ms] [COUNT] %c%d: 1 @ https://g.alicdn.com/captcha-frontend/FeiLin/1.4.2/feilin104.f39298df43efd0cdf80d4119baa58370fe02ddb93efd744cb5f68db5a4e5256c.js:0
[  494110ms] [DIR] %c%d font-size:0;color:transparent Error @ https://g.alicdn.com/captcha-frontend/FeiLin/1.4.2/feilin104.f39298df43efd0cdf80d4119baa58370fe02ddb93efd744cb5f68db5a4e5256c.js:0
[  494110ms] [DIRXML] %c%d font-size:0;color:transparent Error @ https://g.alicdn.com/captcha-frontend/FeiLin/1.4.2/feilin104.f39298df43efd0cdf80d4119baa58370fe02ddb93efd744cb5f68db5a4e5256c.js:0
[  494110ms] [INFO] %c%d font-size:0;color:transparent NaN @ https://g.alicdn.com/captcha-frontend/FeiLin/1.4.2/feilin104.f39298df43efd0cdf80d4119baa58370fe02ddb93efd744cb5f68db5a4e5256c.js:0
[  494110ms] [INFO] %c%d font-size:0;color:transparent NaN @ https://g.alicdn.com/captcha-frontend/FeiLin/1.4.2/feilin104.f39298df43efd0cdf80d4119baa58370fe02ddb93efd744cb5f68db5a4e5256c.js:0
[  494110ms] [LOG] %c%d font-size:0;color:transparent NaN @ https://g.alicdn.com/captcha-frontend/FeiLin/1.4.2/feilin104.f39298df43efd0cdf80d4119baa58370fe02ddb93efd744cb5f68db5a4e5256c.js:0
[  494110ms] [TABLE] %c%d font-size:0;color:transparent Error @ https://g.alicdn.com/captcha-frontend/FeiLin/1.4.2/feilin104.f39298df43efd0cdf80d4119baa58370fe02ddb93efd744cb5f68db5a4e5256c.js:0
[  494110ms] [INFO] %c%d font-size:0;color:transparent NaN @ https://g.alicdn.com/captcha-frontend/FeiLin/1.4.2/feilin104.f39298df43efd0cdf80d4119baa58370fe02ddb93efd744cb5f68db5a4e5256c.js:0
