[    3268ms] [LOG] production @ https://www.autodl.com/assets/components.7b75c5a6.js:0
[    3274ms] [LOG] https://www.autodl.com @ https://www.autodl.com/assets/service-code.2c1d2cac.js:0
[    5785ms] [COUNT] %c%d: 1 @ https://g.alicdn.com/captcha-frontend/FeiLin/1.4.2/feilin104.f39298df43efd0cdf80d4119baa58370fe02ddb93efd744cb5f68db5a4e5256c.js:0
[    5785ms] [DIR] %c%d font-size:0;color:transparent Error @ https://g.alicdn.com/captcha-frontend/FeiLin/1.4.2/feilin104.f39298df43efd0cdf80d4119baa58370fe02ddb93efd744cb5f68db5a4e5256c.js:0
[    5785ms] [DIRXML] %c%d font-size:0;color:transparent Error @ https://g.alicdn.com/captcha-frontend/FeiLin/1.4.2/feilin104.f39298df43efd0cdf80d4119baa58370fe02ddb93efd744cb5f68db5a4e5256c.js:0
[    5785ms] [INFO] %c%d font-size:0;color:transparent NaN @ https://g.alicdn.com/captcha-frontend/FeiLin/1.4.2/feilin104.f39298df43efd0cdf80d4119baa58370fe02ddb93efd744cb5f68db5a4e5256c.js:0
[    5785ms] [INFO] %c%d font-size:0;color:transparent NaN @ https://g.alicdn.com/captcha-frontend/FeiLin/1.4.2/feilin104.f39298df43efd0cdf80d4119baa58370fe02ddb93efd744cb5f68db5a4e5256c.js:0
[    5785ms] [LOG] %c%d font-size:0;color:transparent NaN @ https://g.alicdn.com/captcha-frontend/FeiLin/1.4.2/feilin104.f39298df43efd0cdf80d4119baa58370fe02ddb93efd744cb5f68db5a4e5256c.js:0
[    5786ms] [TABLE] %c%d font-size:0;color:transparent Error @ https://g.alicdn.com/captcha-frontend/FeiLin/1.4.2/feilin104.f39298df43efd0cdf80d4119baa58370fe02ddb93efd744cb5f68db5a4e5256c.js:0
[    5786ms] [INFO] %c%d font-size:0;color:transparent NaN @ https://g.alicdn.com/captcha-frontend/FeiLin/1.4.2/feilin104.f39298df43efd0cdf80d4119baa58370fe02ddb93efd744cb5f68db5a4e5256c.js:0
[   13352ms] [ERROR] Error: timeout
    at o.ontimeout (https://o.alicdn.com/captcha-frontend/aliyunCaptcha/AliyunCaptcha.js:1:199493) @ https://o.alicdn.com/captcha-frontend/aliyunCaptcha/AliyunCaptcha.js:0
[   20046ms] [ERROR] Failed to load resource: net::ERR_CONNECTION_CLOSED @ https://mp.weixin.qq.com/cgi-bin/showqrcode?ticket=gQHw7zwAAAAAAAAAAS5odHRwOi8vd2VpeGluLnFxLmNvbS9xLzAydjE4eng0TWFkS0Yxa3N1WnhHYzEAAgQc0VVqAwQAjScA:0
[   61060ms] [LOG] fast_login:  null @ https://open.weixin.qq.com/connect/qrconnect?appid=wx6fe14c601eb7453d&redirect_uri=https://www.autodl.com/wx-oauth&response_type=code&scope=snsapi_login&state=JTJGd3gtZmFzdExvZ2luJTNGdXJsJTNEJTI1MjUyRmNvbnNvbGUlMjUyNTJGaW5zdGFuY2UlMjUyNTJGbGlzdCUyNnN0YXRlJTNEYzczYWU2MTYwMWJm:287
[   61060ms] [LOG] fastLogin_enabled:  true @ https://open.weixin.qq.com/connect/qrconnect?appid=wx6fe14c601eb7453d&redirect_uri=https://www.autodl.com/wx-oauth&response_type=code&scope=snsapi_login&state=JTJGd3gtZmFzdExvZ2luJTNGdXJsJTNEJTI1MjUyRmNvbnNvbGUlMjUyNTJGaW5zdGFuY2UlMjUyNTJGbGlzdCUyNnN0YXRlJTNEYzczYWU2MTYwMWJm:287
[   61079ms] [LOG] qrcode loaded， duration:  4045 @ https://open.weixin.qq.com/connect/qrconnect?appid=wx6fe14c601eb7453d&redirect_uri=https://www.autodl.com/wx-oauth&response_type=code&scope=snsapi_login&state=JTJGd3gtZmFzdExvZ2luJTNGdXJsJTNEJTI1MjUyRmNvbnNvbGUlMjUyNTJGaW5zdGFuY2UlMjUyNTJGbGlzdCUyNnN0YXRlJTNEYzczYWU2MTYwMWJm:287
[   62082ms] [LOG] checklogin请求发起: Tue Jul 14 2026 14:03:57 GMT+0800 (中国标准时间) @ https://open.weixin.qq.com/connect/qrconnect?appid=wx6fe14c601eb7453d&redirect_uri=https://www.autodl.com/wx-oauth&response_type=code&scope=snsapi_login&state=JTJGd3gtZmFzdExvZ2luJTNGdXJsJTNEJTI1MjUyRmNvbnNvbGUlMjUyNTJGaW5zdGFuY2UlMjUyNTJGbGlzdCUyNnN0YXRlJTNEYzczYWU2MTYwMWJm:287
[   62083ms] [LOG] checklogin post redirect_uri https://www.autodl.com/wx-oauth @ https://open.weixin.qq.com/connect/qrconnect?appid=wx6fe14c601eb7453d&redirect_uri=https://www.autodl.com/wx-oauth&response_type=code&scope=snsapi_login&state=JTJGd3gtZmFzdExvZ2luJTNGdXJsJTNEJTI1MjUyRmNvbnNvbGUlMjUyNTJGaW5zdGFuY2UlMjUyNTJGbGlzdCUyNnN0YXRlJTNEYzczYWU2MTYwMWJm:287
[   62083ms] [LOG] 当前port:  14013 @ https://open.weixin.qq.com/connect/qrconnect?appid=wx6fe14c601eb7453d&redirect_uri=https://www.autodl.com/wx-oauth&response_type=code&scope=snsapi_login&state=JTJGd3gtZmFzdExvZ2luJTNGdXJsJTNEJTI1MjUyRmNvbnNvbGUlMjUyNTJGaW5zdGFuY2UlMjUyNTJGbGlzdCUyNnN0YXRlJTNEYzczYWU2MTYwMWJm:287
[   62087ms] [LOG] checklogin post redirect_uri https://www.autodl.com/wx-oauth @ https://open.weixin.qq.com/connect/qrconnect?appid=wx6fe14c601eb7453d&redirect_uri=https://www.autodl.com/wx-oauth&response_type=code&scope=snsapi_login&state=JTJGd3gtZmFzdExvZ2luJTNGdXJsJTNEJTI1MjUyRmNvbnNvbGUlMjUyNTJGaW5zdGFuY2UlMjUyNTJGbGlzdCUyNnN0YXRlJTNEYzczYWU2MTYwMWJm:287
[   62087ms] [LOG] 当前port:  14014 @ https://open.weixin.qq.com/connect/qrconnect?appid=wx6fe14c601eb7453d&redirect_uri=https://www.autodl.com/wx-oauth&response_type=code&scope=snsapi_login&state=JTJGd3gtZmFzdExvZ2luJTNGdXJsJTNEJTI1MjUyRmNvbnNvbGUlMjUyNTJGaW5zdGFuY2UlMjUyNTJGbGlzdCUyNnN0YXRlJTNEYzczYWU2MTYwMWJm:287
[   62088ms] [LOG] checklogin post redirect_uri https://www.autodl.com/wx-oauth @ https://open.weixin.qq.com/connect/qrconnect?appid=wx6fe14c601eb7453d&redirect_uri=https://www.autodl.com/wx-oauth&response_type=code&scope=snsapi_login&state=JTJGd3gtZmFzdExvZ2luJTNGdXJsJTNEJTI1MjUyRmNvbnNvbGUlMjUyNTJGaW5zdGFuY2UlMjUyNTJGbGlzdCUyNnN0YXRlJTNEYzczYWU2MTYwMWJm:287
[   62089ms] [LOG] 当前port:  14015 @ https://open.weixin.qq.com/connect/qrconnect?appid=wx6fe14c601eb7453d&redirect_uri=https://www.autodl.com/wx-oauth&response_type=code&scope=snsapi_login&state=JTJGd3gtZmFzdExvZ2luJTNGdXJsJTNEJTI1MjUyRmNvbnNvbGUlMjUyNTJGaW5zdGFuY2UlMjUyNTJGbGlzdCUyNnN0YXRlJTNEYzczYWU2MTYwMWJm:287
[   62089ms] [LOG] checklogin post redirect_uri https://www.autodl.com/wx-oauth @ https://open.weixin.qq.com/connect/qrconnect?appid=wx6fe14c601eb7453d&redirect_uri=https://www.autodl.com/wx-oauth&response_type=code&scope=snsapi_login&state=JTJGd3gtZmFzdExvZ2luJTNGdXJsJTNEJTI1MjUyRmNvbnNvbGUlMjUyNTJGaW5zdGFuY2UlMjUyNTJGbGlzdCUyNnN0YXRlJTNEYzczYWU2MTYwMWJm:287
[   62090ms] [LOG] 当前port:  13013 @ https://open.weixin.qq.com/connect/qrconnect?appid=wx6fe14c601eb7453d&redirect_uri=https://www.autodl.com/wx-oauth&response_type=code&scope=snsapi_login&state=JTJGd3gtZmFzdExvZ2luJTNGdXJsJTNEJTI1MjUyRmNvbnNvbGUlMjUyNTJGaW5zdGFuY2UlMjUyNTJGbGlzdCUyNnN0YXRlJTNEYzczYWU2MTYwMWJm:287
[   62090ms] [LOG] checklogin post redirect_uri https://www.autodl.com/wx-oauth @ https://open.weixin.qq.com/connect/qrconnect?appid=wx6fe14c601eb7453d&redirect_uri=https://www.autodl.com/wx-oauth&response_type=code&scope=snsapi_login&state=JTJGd3gtZmFzdExvZ2luJTNGdXJsJTNEJTI1MjUyRmNvbnNvbGUlMjUyNTJGaW5zdGFuY2UlMjUyNTJGbGlzdCUyNnN0YXRlJTNEYzczYWU2MTYwMWJm:287
[   62091ms] [LOG] 当前port:  13014 @ https://open.weixin.qq.com/connect/qrconnect?appid=wx6fe14c601eb7453d&redirect_uri=https://www.autodl.com/wx-oauth&response_type=code&scope=snsapi_login&state=JTJGd3gtZmFzdExvZ2luJTNGdXJsJTNEJTI1MjUyRmNvbnNvbGUlMjUyNTJGaW5zdGFuY2UlMjUyNTJGbGlzdCUyNnN0YXRlJTNEYzczYWU2MTYwMWJm:287
[   62091ms] [LOG] checklogin post redirect_uri https://www.autodl.com/wx-oauth @ https://open.weixin.qq.com/connect/qrconnect?appid=wx6fe14c601eb7453d&redirect_uri=https://www.autodl.com/wx-oauth&response_type=code&scope=snsapi_login&state=JTJGd3gtZmFzdExvZ2luJTNGdXJsJTNEJTI1MjUyRmNvbnNvbGUlMjUyNTJGaW5zdGFuY2UlMjUyNTJGbGlzdCUyNnN0YXRlJTNEYzczYWU2MTYwMWJm:287
[   62091ms] [LOG] 当前port:  13015 @ https://open.weixin.qq.com/connect/qrconnect?appid=wx6fe14c601eb7453d&redirect_uri=https://www.autodl.com/wx-oauth&response_type=code&scope=snsapi_login&state=JTJGd3gtZmFzdExvZ2luJTNGdXJsJTNEJTI1MjUyRmNvbnNvbGUlMjUyNTJGaW5zdGFuY2UlMjUyNTJGbGlzdCUyNnN0YXRlJTNEYzczYWU2MTYwMWJm:287
[   62197ms] [LOG] 端口14013连接失败，尝试下一个端口 @ https://open.weixin.qq.com/connect/qrconnect?appid=wx6fe14c601eb7453d&redirect_uri=https://www.autodl.com/wx-oauth&response_type=code&scope=snsapi_login&state=JTJGd3gtZmFzdExvZ2luJTNGdXJsJTNEJTI1MjUyRmNvbnNvbGUlMjUyNTJGaW5zdGFuY2UlMjUyNTJGbGlzdCUyNnN0YXRlJTNEYzczYWU2MTYwMWJm:287
[   62198ms] [LOG] before handle, fastLogin:  false @ https://open.weixin.qq.com/connect/qrconnect?appid=wx6fe14c601eb7453d&redirect_uri=https://www.autodl.com/wx-oauth&response_type=code&scope=snsapi_login&state=JTJGd3gtZmFzdExvZ2luJTNGdXJsJTNEJTI1MjUyRmNvbnNvbGUlMjUyNTJGaW5zdGFuY2UlMjUyNTJGbGlzdCUyNnN0YXRlJTNEYzczYWU2MTYwMWJm:287
[   62198ms] [LOG] after handle, fastLogin:  false @ https://open.weixin.qq.com/connect/qrconnect?appid=wx6fe14c601eb7453d&redirect_uri=https://www.autodl.com/wx-oauth&response_type=code&scope=snsapi_login&state=JTJGd3gtZmFzdExvZ2luJTNGdXJsJTNEJTI1MjUyRmNvbnNvbGUlMjUyNTJGaW5zdGFuY2UlMjUyNTJGbGlzdCUyNnN0YXRlJTNEYzczYWU2MTYwMWJm:287
[   62199ms] [ERROR] Failed to load resource: net::ERR_CONNECTION_REFUSED @ https://localhost.weixin.qq.com:14013/api/check-login:0
[   62199ms] [LOG] 端口14014连接失败，尝试下一个端口 @ https://open.weixin.qq.com/connect/qrconnect?appid=wx6fe14c601eb7453d&redirect_uri=https://www.autodl.com/wx-oauth&response_type=code&scope=snsapi_login&state=JTJGd3gtZmFzdExvZ2luJTNGdXJsJTNEJTI1MjUyRmNvbnNvbGUlMjUyNTJGaW5zdGFuY2UlMjUyNTJGbGlzdCUyNnN0YXRlJTNEYzczYWU2MTYwMWJm:287
[   62199ms] [LOG] before handle, fastLogin:  false @ https://open.weixin.qq.com/connect/qrconnect?appid=wx6fe14c601eb7453d&redirect_uri=https://www.autodl.com/wx-oauth&response_type=code&scope=snsapi_login&state=JTJGd3gtZmFzdExvZ2luJTNGdXJsJTNEJTI1MjUyRmNvbnNvbGUlMjUyNTJGaW5zdGFuY2UlMjUyNTJGbGlzdCUyNnN0YXRlJTNEYzczYWU2MTYwMWJm:287
[   62199ms] [LOG] after handle, fastLogin:  false @ https://open.weixin.qq.com/connect/qrconnect?appid=wx6fe14c601eb7453d&redirect_uri=https://www.autodl.com/wx-oauth&response_type=code&scope=snsapi_login&state=JTJGd3gtZmFzdExvZ2luJTNGdXJsJTNEJTI1MjUyRmNvbnNvbGUlMjUyNTJGaW5zdGFuY2UlMjUyNTJGbGlzdCUyNnN0YXRlJTNEYzczYWU2MTYwMWJm:287
[   62200ms] [ERROR] Failed to load resource: net::ERR_CONNECTION_REFUSED @ https://localhost.weixin.qq.com:14014/api/check-login:0
[   62200ms] [LOG] 端口14015连接失败，尝试下一个端口 @ https://open.weixin.qq.com/connect/qrconnect?appid=wx6fe14c601eb7453d&redirect_uri=https://www.autodl.com/wx-oauth&response_type=code&scope=snsapi_login&state=JTJGd3gtZmFzdExvZ2luJTNGdXJsJTNEJTI1MjUyRmNvbnNvbGUlMjUyNTJGaW5zdGFuY2UlMjUyNTJGbGlzdCUyNnN0YXRlJTNEYzczYWU2MTYwMWJm:287
[   62200ms] [LOG] before handle, fastLogin:  false @ https://open.weixin.qq.com/connect/qrconnect?appid=wx6fe14c601eb7453d&redirect_uri=https://www.autodl.com/wx-oauth&response_type=code&scope=snsapi_login&state=JTJGd3gtZmFzdExvZ2luJTNGdXJsJTNEJTI1MjUyRmNvbnNvbGUlMjUyNTJGaW5zdGFuY2UlMjUyNTJGbGlzdCUyNnN0YXRlJTNEYzczYWU2MTYwMWJm:287
[   62200ms] [LOG] after handle, fastLogin:  false @ https://open.weixin.qq.com/connect/qrconnect?appid=wx6fe14c601eb7453d&redirect_uri=https://www.autodl.com/wx-oauth&response_type=code&scope=snsapi_login&state=JTJGd3gtZmFzdExvZ2luJTNGdXJsJTNEJTI1MjUyRmNvbnNvbGUlMjUyNTJGaW5zdGFuY2UlMjUyNTJGbGlzdCUyNnN0YXRlJTNEYzczYWU2MTYwMWJm:287
[   62200ms] [ERROR] Failed to load resource: net::ERR_CONNECTION_REFUSED @ https://localhost.weixin.qq.com:14015/api/check-login:0
[   62201ms] [LOG] 端口13013连接失败，尝试下一个端口 @ https://open.weixin.qq.com/connect/qrconnect?appid=wx6fe14c601eb7453d&redirect_uri=https://www.autodl.com/wx-oauth&response_type=code&scope=snsapi_login&state=JTJGd3gtZmFzdExvZ2luJTNGdXJsJTNEJTI1MjUyRmNvbnNvbGUlMjUyNTJGaW5zdGFuY2UlMjUyNTJGbGlzdCUyNnN0YXRlJTNEYzczYWU2MTYwMWJm:287
[   62201ms] [LOG] before handle, fastLogin:  false @ https://open.weixin.qq.com/connect/qrconnect?appid=wx6fe14c601eb7453d&redirect_uri=https://www.autodl.com/wx-oauth&response_type=code&scope=snsapi_login&state=JTJGd3gtZmFzdExvZ2luJTNGdXJsJTNEJTI1MjUyRmNvbnNvbGUlMjUyNTJGaW5zdGFuY2UlMjUyNTJGbGlzdCUyNnN0YXRlJTNEYzczYWU2MTYwMWJm:287
[   62201ms] [LOG] after handle, fastLogin:  false @ https://open.weixin.qq.com/connect/qrconnect?appid=wx6fe14c601eb7453d&redirect_uri=https://www.autodl.com/wx-oauth&response_type=code&scope=snsapi_login&state=JTJGd3gtZmFzdExvZ2luJTNGdXJsJTNEJTI1MjUyRmNvbnNvbGUlMjUyNTJGaW5zdGFuY2UlMjUyNTJGbGlzdCUyNnN0YXRlJTNEYzczYWU2MTYwMWJm:287
[   62201ms] [ERROR] Failed to load resource: net::ERR_CONNECTION_REFUSED @ https://localhost.weixin.qq.com:13013/api/check-login:0
[   62201ms] [LOG] 端口13014连接失败，尝试下一个端口 @ https://open.weixin.qq.com/connect/qrconnect?appid=wx6fe14c601eb7453d&redirect_uri=https://www.autodl.com/wx-oauth&response_type=code&scope=snsapi_login&state=JTJGd3gtZmFzdExvZ2luJTNGdXJsJTNEJTI1MjUyRmNvbnNvbGUlMjUyNTJGaW5zdGFuY2UlMjUyNTJGbGlzdCUyNnN0YXRlJTNEYzczYWU2MTYwMWJm:287
[   62202ms] [LOG] before handle, fastLogin:  false @ https://open.weixin.qq.com/connect/qrconnect?appid=wx6fe14c601eb7453d&redirect_uri=https://www.autodl.com/wx-oauth&response_type=code&scope=snsapi_login&state=JTJGd3gtZmFzdExvZ2luJTNGdXJsJTNEJTI1MjUyRmNvbnNvbGUlMjUyNTJGaW5zdGFuY2UlMjUyNTJGbGlzdCUyNnN0YXRlJTNEYzczYWU2MTYwMWJm:287
[   62202ms] [LOG] after handle, fastLogin:  false @ https://open.weixin.qq.com/connect/qrconnect?appid=wx6fe14c601eb7453d&redirect_uri=https://www.autodl.com/wx-oauth&response_type=code&scope=snsapi_login&state=JTJGd3gtZmFzdExvZ2luJTNGdXJsJTNEJTI1MjUyRmNvbnNvbGUlMjUyNTJGaW5zdGFuY2UlMjUyNTJGbGlzdCUyNnN0YXRlJTNEYzczYWU2MTYwMWJm:287
[   62202ms] [ERROR] Failed to load resource: net::ERR_CONNECTION_REFUSED @ https://localhost.weixin.qq.com:13014/api/check-login:0
[   62202ms] [LOG] 端口13015连接失败，尝试下一个端口 @ https://open.weixin.qq.com/connect/qrconnect?appid=wx6fe14c601eb7453d&redirect_uri=https://www.autodl.com/wx-oauth&response_type=code&scope=snsapi_login&state=JTJGd3gtZmFzdExvZ2luJTNGdXJsJTNEJTI1MjUyRmNvbnNvbGUlMjUyNTJGaW5zdGFuY2UlMjUyNTJGbGlzdCUyNnN0YXRlJTNEYzczYWU2MTYwMWJm:287
[   62202ms] [LOG] before handle, fastLogin:  false @ https://open.weixin.qq.com/connect/qrconnect?appid=wx6fe14c601eb7453d&redirect_uri=https://www.autodl.com/wx-oauth&response_type=code&scope=snsapi_login&state=JTJGd3gtZmFzdExvZ2luJTNGdXJsJTNEJTI1MjUyRmNvbnNvbGUlMjUyNTJGaW5zdGFuY2UlMjUyNTJGbGlzdCUyNnN0YXRlJTNEYzczYWU2MTYwMWJm:287
[   62202ms] [LOG] after handle, fastLogin:  false @ https://open.weixin.qq.com/connect/qrconnect?appid=wx6fe14c601eb7453d&redirect_uri=https://www.autodl.com/wx-oauth&response_type=code&scope=snsapi_login&state=JTJGd3gtZmFzdExvZ2luJTNGdXJsJTNEJTI1MjUyRmNvbnNvbGUlMjUyNTJGaW5zdGFuY2UlMjUyNTJGbGlzdCUyNnN0YXRlJTNEYzczYWU2MTYwMWJm:287
[   62203ms] [LOG] fastLogin:  false @ https://open.weixin.qq.com/connect/qrconnect?appid=wx6fe14c601eb7453d&redirect_uri=https://www.autodl.com/wx-oauth&response_type=code&scope=snsapi_login&state=JTJGd3gtZmFzdExvZ2luJTNGdXJsJTNEJTI1MjUyRmNvbnNvbGUlMjUyNTJGaW5zdGFuY2UlMjUyNTJGbGlzdCUyNnN0YXRlJTNEYzczYWU2MTYwMWJm:287
[   62203ms] [LOG] 请求结束: Tue Jul 14 2026 14:03:57 GMT+0800 (中国标准时间) @ https://open.weixin.qq.com/connect/qrconnect?appid=wx6fe14c601eb7453d&redirect_uri=https://www.autodl.com/wx-oauth&response_type=code&scope=snsapi_login&state=JTJGd3gtZmFzdExvZ2luJTNGdXJsJTNEJTI1MjUyRmNvbnNvbGUlMjUyNTJGaW5zdGFuY2UlMjUyNTJGbGlzdCUyNnN0YXRlJTNEYzczYWU2MTYwMWJm:287
[   62204ms] [LOG] 请求时长: 122 ms @ https://open.weixin.qq.com/connect/qrconnect?appid=wx6fe14c601eb7453d&redirect_uri=https://www.autodl.com/wx-oauth&response_type=code&scope=snsapi_login&state=JTJGd3gtZmFzdExvZ2luJTNGdXJsJTNEJTI1MjUyRmNvbnNvbGUlMjUyNTJGaW5zdGFuY2UlMjUyNTJGbGlzdCUyNnN0YXRlJTNEYzczYWU2MTYwMWJm:287
[   62204ms] [ERROR] Failed to load resource: net::ERR_CONNECTION_REFUSED @ https://localhost.weixin.qq.com:13015/api/check-login:0
[   64716ms] [LOG] 扫码redirect_uri:  https://www.autodl.com/wx-oauth?code=051hBz100w22IW1N3k200K78dr2hBz1O&state=JTJGd3gtZmFzdExvZ2luJTNGdXJsJTNEJTI1MjUyRmNvbnNvbGUlMjUyNTJGaW5zdGFuY2UlMjUyNTJGbGlzdCUyNnN0YXRlJTNEYzczYWU2MTYwMWJm @ https://open.weixin.qq.com/connect/qrconnect?appid=wx6fe14c601eb7453d&redirect_uri=https://www.autodl.com/wx-oauth&response_type=code&scope=snsapi_login&state=JTJGd3gtZmFzdExvZ2luJTNGdXJsJTNEJTI1MjUyRmNvbnNvbGUlMjUyNTJGaW5zdGFuY2UlMjUyNTJGbGlzdCUyNnN0YXRlJTNEYzczYWU2MTYwMWJm:286
[   64951ms] [LOG] production @ https://www.autodl.com/assets/components.7b75c5a6.js:0
[   64956ms] [LOG] https://www.autodl.com @ https://www.autodl.com/assets/service-code.2c1d2cac.js:0
[   65217ms] [LOG] production @ https://www.autodl.com/assets/components.7b75c5a6.js:0
[   65218ms] [LOG] https://www.autodl.com @ https://www.autodl.com/assets/service-code.2c1d2cac.js:0
[   65379ms] [COUNT] %c%d: 1 @ https://g.alicdn.com/captcha-frontend/FeiLin/1.4.2/feilin104.f39298df43efd0cdf80d4119baa58370fe02ddb93efd744cb5f68db5a4e5256c.js:0
[   65379ms] [DIR] %c%d font-size:0;color:transparent Error @ https://g.alicdn.com/captcha-frontend/FeiLin/1.4.2/feilin104.f39298df43efd0cdf80d4119baa58370fe02ddb93efd744cb5f68db5a4e5256c.js:0
[   65379ms] [DIRXML] %c%d font-size:0;color:transparent Error @ https://g.alicdn.com/captcha-frontend/FeiLin/1.4.2/feilin104.f39298df43efd0cdf80d4119baa58370fe02ddb93efd744cb5f68db5a4e5256c.js:0
[   65379ms] [INFO] %c%d font-size:0;color:transparent NaN @ https://g.alicdn.com/captcha-frontend/FeiLin/1.4.2/feilin104.f39298df43efd0cdf80d4119baa58370fe02ddb93efd744cb5f68db5a4e5256c.js:0
[   65379ms] [INFO] %c%d font-size:0;color:transparent NaN @ https://g.alicdn.com/captcha-frontend/FeiLin/1.4.2/feilin104.f39298df43efd0cdf80d4119baa58370fe02ddb93efd744cb5f68db5a4e5256c.js:0
[   65379ms] [LOG] %c%d font-size:0;color:transparent NaN @ https://g.alicdn.com/captcha-frontend/FeiLin/1.4.2/feilin104.f39298df43efd0cdf80d4119baa58370fe02ddb93efd744cb5f68db5a4e5256c.js:0
[   65379ms] [TABLE] %c%d font-size:0;color:transparent Error @ https://g.alicdn.com/captcha-frontend/FeiLin/1.4.2/feilin104.f39298df43efd0cdf80d4119baa58370fe02ddb93efd744cb5f68db5a4e5256c.js:0
[   65379ms] [INFO] %c%d font-size:0;color:transparent NaN @ https://g.alicdn.com/captcha-frontend/FeiLin/1.4.2/feilin104.f39298df43efd0cdf80d4119baa58370fe02ddb93efd744cb5f68db5a4e5256c.js:0
[   65874ms] [LOG] URL @ https://www.autodl.com/assets/components.7b75c5a6.js:0
[   66065ms] [LOG] production @ https://www.autodl.com/assets/components.7b75c5a6.js:0
[   66066ms] [LOG] https://www.autodl.com @ https://www.autodl.com/assets/service-code.2c1d2cac.js:0
[   66129ms] [COUNT] %c%d: 1 @ https://g.alicdn.com/captcha-frontend/FeiLin/1.4.2/feilin104.f39298df43efd0cdf80d4119baa58370fe02ddb93efd744cb5f68db5a4e5256c.js:0
[   66129ms] [DIR] %c%d font-size:0;color:transparent Error @ https://g.alicdn.com/captcha-frontend/FeiLin/1.4.2/feilin104.f39298df43efd0cdf80d4119baa58370fe02ddb93efd744cb5f68db5a4e5256c.js:0
[   66129ms] [DIRXML] %c%d font-size:0;color:transparent Error @ https://g.alicdn.com/captcha-frontend/FeiLin/1.4.2/feilin104.f39298df43efd0cdf80d4119baa58370fe02ddb93efd744cb5f68db5a4e5256c.js:0
[   66129ms] [INFO] %c%d font-size:0;color:transparent NaN @ https://g.alicdn.com/captcha-frontend/FeiLin/1.4.2/feilin104.f39298df43efd0cdf80d4119baa58370fe02ddb93efd744cb5f68db5a4e5256c.js:0
[   66129ms] [INFO] %c%d font-size:0;color:transparent NaN @ https://g.alicdn.com/captcha-frontend/FeiLin/1.4.2/feilin104.f39298df43efd0cdf80d4119baa58370fe02ddb93efd744cb5f68db5a4e5256c.js:0
[   66129ms] [LOG] %c%d font-size:0;color:transparent NaN @ https://g.alicdn.com/captcha-frontend/FeiLin/1.4.2/feilin104.f39298df43efd0cdf80d4119baa58370fe02ddb93efd744cb5f68db5a4e5256c.js:0
[   66129ms] [TABLE] %c%d font-size:0;color:transparent Error @ https://g.alicdn.com/captcha-frontend/FeiLin/1.4.2/feilin104.f39298df43efd0cdf80d4119baa58370fe02ddb93efd744cb5f68db5a4e5256c.js:0
[   66129ms] [INFO] %c%d font-size:0;color:transparent NaN @ https://g.alicdn.com/captcha-frontend/FeiLin/1.4.2/feilin104.f39298df43efd0cdf80d4119baa58370fe02ddb93efd744cb5f68db5a4e5256c.js:0
