[     154ms] [LOG] production @ https://www.autodl.com/assets/components.7b75c5a6.js:0
[     157ms] [LOG] https://www.autodl.com @ https://www.autodl.com/assets/service-code.2c1d2cac.js:0
[     297ms] [COUNT] %c%d: 1 @ https://g.alicdn.com/captcha-frontend/FeiLin/1.4.2/feilin104.f39298df43efd0cdf80d4119baa58370fe02ddb93efd744cb5f68db5a4e5256c.js:0
[     297ms] [DIR] %c%d font-size:0;color:transparent Error @ https://g.alicdn.com/captcha-frontend/FeiLin/1.4.2/feilin104.f39298df43efd0cdf80d4119baa58370fe02ddb93efd744cb5f68db5a4e5256c.js:0
[     297ms] [DIRXML] %c%d font-size:0;color:transparent Error @ https://g.alicdn.com/captcha-frontend/FeiLin/1.4.2/feilin104.f39298df43efd0cdf80d4119baa58370fe02ddb93efd744cb5f68db5a4e5256c.js:0
[     297ms] [INFO] %c%d font-size:0;color:transparent NaN @ https://g.alicdn.com/captcha-frontend/FeiLin/1.4.2/feilin104.f39298df43efd0cdf80d4119baa58370fe02ddb93efd744cb5f68db5a4e5256c.js:0
[     297ms] [INFO] %c%d font-size:0;color:transparent NaN @ https://g.alicdn.com/captcha-frontend/FeiLin/1.4.2/feilin104.f39298df43efd0cdf80d4119baa58370fe02ddb93efd744cb5f68db5a4e5256c.js:0
[     297ms] [LOG] %c%d font-size:0;color:transparent NaN @ https://g.alicdn.com/captcha-frontend/FeiLin/1.4.2/feilin104.f39298df43efd0cdf80d4119baa58370fe02ddb93efd744cb5f68db5a4e5256c.js:0
[     297ms] [TABLE] %c%d font-size:0;color:transparent Error @ https://g.alicdn.com/captcha-frontend/FeiLin/1.4.2/feilin104.f39298df43efd0cdf80d4119baa58370fe02ddb93efd744cb5f68db5a4e5256c.js:0
[     297ms] [INFO] %c%d font-size:0;color:transparent NaN @ https://g.alicdn.com/captcha-frontend/FeiLin/1.4.2/feilin104.f39298df43efd0cdf80d4119baa58370fe02ddb93efd744cb5f68db5a4e5256c.js:0
[  515949ms] [ERROR] Failed to load resource: net::ERR_NETWORK_CHANGED @ https://www.autodl.com/api/v1/instance:0
[  515952ms] Error: Network Error
    at ej (https://www.autodl.com/assets/vendor.93a2c36e.js:44:81309)
    at o.onerror (https://www.autodl.com/assets/vendor.93a2c36e.js:44:84261)
[  520594ms] [ERROR] Failed to load resource: net::ERR_INTERNET_DISCONNECTED @ https://www.autodl.com/api/v1/instance:0
[  520595ms] Error: Network Error
    at ej (https://www.autodl.com/assets/vendor.93a2c36e.js:44:81309)
    at o.onerror (https://www.autodl.com/assets/vendor.93a2c36e.js:44:84261)
[  525759ms] [ERROR] Failed to load resource: net::ERR_NETWORK_CHANGED @ https://www.autodl.com/api/v1/instance:0
[  525761ms] Error: Network Error
    at ej (https://www.autodl.com/assets/vendor.93a2c36e.js:44:81309)
    at o.onerror (https://www.autodl.com/assets/vendor.93a2c36e.js:44:84261)
