[  601015ms] [ERROR] Failed to load resource: the server responded with a status of 404 (Not Found) @ https://a1078485-893c-3ed50b55.nmb1.seetacloud.com:8443/autopanel/v1/version:0
[  601017ms] Error: Request failed with status code 404
    at Ee (https://a1078485-893c-3ed50b55.nmb1.seetacloud.com:8443/assets/https.f5c0fab2.js:1:5664)
    at tt (https://a1078485-893c-3ed50b55.nmb1.seetacloud.com:8443/assets/https.f5c0fab2.js:1:5788)
    at XMLHttpRequest.$ (https://a1078485-893c-3ed50b55.nmb1.seetacloud.com:8443/assets/https.f5c0fab2.js:2:1807)
[  901026ms] [ERROR] Failed to load resource: the server responded with a status of 404 (Not Found) @ https://a1078485-893c-3ed50b55.nmb1.seetacloud.com:8443/autopanel/v1/version:0
[  901028ms] Error: Request failed with status code 404
    at Ee (https://a1078485-893c-3ed50b55.nmb1.seetacloud.com:8443/assets/https.f5c0fab2.js:1:5664)
    at tt (https://a1078485-893c-3ed50b55.nmb1.seetacloud.com:8443/assets/https.f5c0fab2.js:1:5788)
    at XMLHttpRequest.$ (https://a1078485-893c-3ed50b55.nmb1.seetacloud.com:8443/assets/https.f5c0fab2.js:2:1807)
[ 1201067ms] [ERROR] Failed to load resource: the server responded with a status of 404 (Not Found) @ https://a1078485-893c-3ed50b55.nmb1.seetacloud.com:8443/autopanel/v1/version:0
[ 1201068ms] Error: Request failed with status code 404
    at Ee (https://a1078485-893c-3ed50b55.nmb1.seetacloud.com:8443/assets/https.f5c0fab2.js:1:5664)
    at tt (https://a1078485-893c-3ed50b55.nmb1.seetacloud.com:8443/assets/https.f5c0fab2.js:1:5788)
    at XMLHttpRequest.$ (https://a1078485-893c-3ed50b55.nmb1.seetacloud.com:8443/assets/https.f5c0fab2.js:2:1807)
[ 1501047ms] [ERROR] Failed to load resource: the server responded with a status of 404 (Not Found) @ https://a1078485-893c-3ed50b55.nmb1.seetacloud.com:8443/autopanel/v1/version:0
[ 1501050ms] Error: Request failed with status code 404
    at Ee (https://a1078485-893c-3ed50b55.nmb1.seetacloud.com:8443/assets/https.f5c0fab2.js:1:5664)
    at tt (https://a1078485-893c-3ed50b55.nmb1.seetacloud.com:8443/assets/https.f5c0fab2.js:1:5788)
    at XMLHttpRequest.$ (https://a1078485-893c-3ed50b55.nmb1.seetacloud.com:8443/assets/https.f5c0fab2.js:2:1807)
[ 1801017ms] [ERROR] Failed to load resource: the server responded with a status of 404 (Not Found) @ https://a1078485-893c-3ed50b55.nmb1.seetacloud.com:8443/autopanel/v1/version:0
[ 1801019ms] Error: Request failed with status code 404
    at Ee (https://a1078485-893c-3ed50b55.nmb1.seetacloud.com:8443/assets/https.f5c0fab2.js:1:5664)
    at tt (https://a1078485-893c-3ed50b55.nmb1.seetacloud.com:8443/assets/https.f5c0fab2.js:1:5788)
    at XMLHttpRequest.$ (https://a1078485-893c-3ed50b55.nmb1.seetacloud.com:8443/assets/https.f5c0fab2.js:2:1807)
[ 2101060ms] [ERROR] Failed to load resource: the server responded with a status of 404 (Not Found) @ https://a1078485-893c-3ed50b55.nmb1.seetacloud.com:8443/autopanel/v1/version:0
[ 2101062ms] Error: Request failed with status code 404
    at Ee (https://a1078485-893c-3ed50b55.nmb1.seetacloud.com:8443/assets/https.f5c0fab2.js:1:5664)
    at tt (https://a1078485-893c-3ed50b55.nmb1.seetacloud.com:8443/assets/https.f5c0fab2.js:1:5788)
    at XMLHttpRequest.$ (https://a1078485-893c-3ed50b55.nmb1.seetacloud.com:8443/assets/https.f5c0fab2.js:2:1807)
