[     158ms] [LOG] production @ https://www.autodl.com/assets/components.7b75c5a6.js:0
[     161ms] [LOG] https://www.autodl.com @ https://www.autodl.com/assets/service-code.2c1d2cac.js:0
[     445ms] [COUNT] %c%d: 1 @ https://g.alicdn.com/captcha-frontend/FeiLin/1.4.2/feilin104.f39298df43efd0cdf80d4119baa58370fe02ddb93efd744cb5f68db5a4e5256c.js:0
[     445ms] [DIR] %c%d font-size:0;color:transparent Error @ https://g.alicdn.com/captcha-frontend/FeiLin/1.4.2/feilin104.f39298df43efd0cdf80d4119baa58370fe02ddb93efd744cb5f68db5a4e5256c.js:0
[     445ms] [DIRXML] %c%d font-size:0;color:transparent Error @ https://g.alicdn.com/captcha-frontend/FeiLin/1.4.2/feilin104.f39298df43efd0cdf80d4119baa58370fe02ddb93efd744cb5f68db5a4e5256c.js:0
[     445ms] [INFO] %c%d font-size:0;color:transparent NaN @ https://g.alicdn.com/captcha-frontend/FeiLin/1.4.2/feilin104.f39298df43efd0cdf80d4119baa58370fe02ddb93efd744cb5f68db5a4e5256c.js:0
[     446ms] [INFO] %c%d font-size:0;color:transparent NaN @ https://g.alicdn.com/captcha-frontend/FeiLin/1.4.2/feilin104.f39298df43efd0cdf80d4119baa58370fe02ddb93efd744cb5f68db5a4e5256c.js:0
[     446ms] [LOG] %c%d font-size:0;color:transparent NaN @ https://g.alicdn.com/captcha-frontend/FeiLin/1.4.2/feilin104.f39298df43efd0cdf80d4119baa58370fe02ddb93efd744cb5f68db5a4e5256c.js:0
[     446ms] [TABLE] %c%d font-size:0;color:transparent Error @ https://g.alicdn.com/captcha-frontend/FeiLin/1.4.2/feilin104.f39298df43efd0cdf80d4119baa58370fe02ddb93efd744cb5f68db5a4e5256c.js:0
[     446ms] [INFO] %c%d font-size:0;color:transparent NaN @ https://g.alicdn.com/captcha-frontend/FeiLin/1.4.2/feilin104.f39298df43efd0cdf80d4119baa58370fe02ddb93efd744cb5f68db5a4e5256c.js:0
[    4536ms] [LOG] production @ https://www.autodl.com/assets/components.7b75c5a6.js:0
[    4537ms] [LOG] https://www.autodl.com @ https://www.autodl.com/assets/service-code.2c1d2cac.js:0
[    4607ms] [COUNT] %c%d: 1 @ https://g.alicdn.com/captcha-frontend/FeiLin/1.4.2/feilin104.f39298df43efd0cdf80d4119baa58370fe02ddb93efd744cb5f68db5a4e5256c.js:0
[    4607ms] [DIR] %c%d font-size:0;color:transparent Error @ https://g.alicdn.com/captcha-frontend/FeiLin/1.4.2/feilin104.f39298df43efd0cdf80d4119baa58370fe02ddb93efd744cb5f68db5a4e5256c.js:0
[    4607ms] [DIRXML] %c%d font-size:0;color:transparent Error @ https://g.alicdn.com/captcha-frontend/FeiLin/1.4.2/feilin104.f39298df43efd0cdf80d4119baa58370fe02ddb93efd744cb5f68db5a4e5256c.js:0
[    4608ms] [INFO] %c%d font-size:0;color:transparent NaN @ https://g.alicdn.com/captcha-frontend/FeiLin/1.4.2/feilin104.f39298df43efd0cdf80d4119baa58370fe02ddb93efd744cb5f68db5a4e5256c.js:0
[    4608ms] [INFO] %c%d font-size:0;color:transparent NaN @ https://g.alicdn.com/captcha-frontend/FeiLin/1.4.2/feilin104.f39298df43efd0cdf80d4119baa58370fe02ddb93efd744cb5f68db5a4e5256c.js:0
[    4608ms] [LOG] %c%d font-size:0;color:transparent NaN @ https://g.alicdn.com/captcha-frontend/FeiLin/1.4.2/feilin104.f39298df43efd0cdf80d4119baa58370fe02ddb93efd744cb5f68db5a4e5256c.js:0
[    4608ms] [TABLE] %c%d font-size:0;color:transparent Error @ https://g.alicdn.com/captcha-frontend/FeiLin/1.4.2/feilin104.f39298df43efd0cdf80d4119baa58370fe02ddb93efd744cb5f68db5a4e5256c.js:0
[    4608ms] [INFO] %c%d font-size:0;color:transparent NaN @ https://g.alicdn.com/captcha-frontend/FeiLin/1.4.2/feilin104.f39298df43efd0cdf80d4119baa58370fe02ddb93efd744cb5f68db5a4e5256c.js:0
