[    2129ms] [LOG] production @ https://www.autodl.com/assets/components.7b75c5a6.js:0
[    2134ms] [LOG] https://www.autodl.com @ https://www.autodl.com/assets/service-code.2c1d2cac.js:0
[    7199ms] [COUNT] %c%d: 1 @ https://g.alicdn.com/captcha-frontend/FeiLin/1.4.2/feilin104.f39298df43efd0cdf80d4119baa58370fe02ddb93efd744cb5f68db5a4e5256c.js:0
[    7199ms] [DIR] %c%d font-size:0;color:transparent Error @ https://g.alicdn.com/captcha-frontend/FeiLin/1.4.2/feilin104.f39298df43efd0cdf80d4119baa58370fe02ddb93efd744cb5f68db5a4e5256c.js:0
[    7199ms] [DIRXML] %c%d font-size:0;color:transparent Error @ https://g.alicdn.com/captcha-frontend/FeiLin/1.4.2/feilin104.f39298df43efd0cdf80d4119baa58370fe02ddb93efd744cb5f68db5a4e5256c.js:0
[    7199ms] [INFO] %c%d font-size:0;color:transparent NaN @ https://g.alicdn.com/captcha-frontend/FeiLin/1.4.2/feilin104.f39298df43efd0cdf80d4119baa58370fe02ddb93efd744cb5f68db5a4e5256c.js:0
[    7199ms] [INFO] %c%d font-size:0;color:transparent NaN @ https://g.alicdn.com/captcha-frontend/FeiLin/1.4.2/feilin104.f39298df43efd0cdf80d4119baa58370fe02ddb93efd744cb5f68db5a4e5256c.js:0
[    7199ms] [LOG] %c%d font-size:0;color:transparent NaN @ https://g.alicdn.com/captcha-frontend/FeiLin/1.4.2/feilin104.f39298df43efd0cdf80d4119baa58370fe02ddb93efd744cb5f68db5a4e5256c.js:0
[    7199ms] [TABLE] %c%d font-size:0;color:transparent Error @ https://g.alicdn.com/captcha-frontend/FeiLin/1.4.2/feilin104.f39298df43efd0cdf80d4119baa58370fe02ddb93efd744cb5f68db5a4e5256c.js:0
[    7199ms] [INFO] %c%d font-size:0;color:transparent NaN @ https://g.alicdn.com/captcha-frontend/FeiLin/1.4.2/feilin104.f39298df43efd0cdf80d4119baa58370fe02ddb93efd744cb5f68db5a4e5256c.js:0
[   12069ms] [LOG] fast_login:  null @ https://open.weixin.qq.com/connect/qrconnect?appid=wx6fe14c601eb7453d&redirect_uri=https://www.autodl.com/wx-oauth&response_type=code&scope=snsapi_login&state=JTJGd3gtZmFzdExvZ2luJTNGdXJsJTNEJTI1MjUyRmNvbnNvbGUlMjUyNTJGaW5zdGFuY2UlMjUyNTJGbGlzdCUyNnN0YXRlJTNEMmY0YWY4N2Q4OTY1:287
[   12069ms] [LOG] fastLogin_enabled:  true @ https://open.weixin.qq.com/connect/qrconnect?appid=wx6fe14c601eb7453d&redirect_uri=https://www.autodl.com/wx-oauth&response_type=code&scope=snsapi_login&state=JTJGd3gtZmFzdExvZ2luJTNGdXJsJTNEJTI1MjUyRmNvbnNvbGUlMjUyNTJGaW5zdGFuY2UlMjUyNTJGbGlzdCUyNnN0YXRlJTNEMmY0YWY4N2Q4OTY1:287
[   12084ms] [LOG] qrcode loaded， duration:  2771 @ https://open.weixin.qq.com/connect/qrconnect?appid=wx6fe14c601eb7453d&redirect_uri=https://www.autodl.com/wx-oauth&response_type=code&scope=snsapi_login&state=JTJGd3gtZmFzdExvZ2luJTNGdXJsJTNEJTI1MjUyRmNvbnNvbGUlMjUyNTJGaW5zdGFuY2UlMjUyNTJGbGlzdCUyNnN0YXRlJTNEMmY0YWY4N2Q4OTY1:287
[   12542ms] [LOG] checklogin请求发起: Tue Jul 14 2026 13:58:08 GMT+0800 (中国标准时间) @ https://open.weixin.qq.com/connect/qrconnect?appid=wx6fe14c601eb7453d&redirect_uri=https://www.autodl.com/wx-oauth&response_type=code&scope=snsapi_login&state=JTJGd3gtZmFzdExvZ2luJTNGdXJsJTNEJTI1MjUyRmNvbnNvbGUlMjUyNTJGaW5zdGFuY2UlMjUyNTJGbGlzdCUyNnN0YXRlJTNEMmY0YWY4N2Q4OTY1:287
[   12542ms] [LOG] checklogin post redirect_uri https://www.autodl.com/wx-oauth @ https://open.weixin.qq.com/connect/qrconnect?appid=wx6fe14c601eb7453d&redirect_uri=https://www.autodl.com/wx-oauth&response_type=code&scope=snsapi_login&state=JTJGd3gtZmFzdExvZ2luJTNGdXJsJTNEJTI1MjUyRmNvbnNvbGUlMjUyNTJGaW5zdGFuY2UlMjUyNTJGbGlzdCUyNnN0YXRlJTNEMmY0YWY4N2Q4OTY1:287
[   12543ms] [LOG] 当前port:  14013 @ https://open.weixin.qq.com/connect/qrconnect?appid=wx6fe14c601eb7453d&redirect_uri=https://www.autodl.com/wx-oauth&response_type=code&scope=snsapi_login&state=JTJGd3gtZmFzdExvZ2luJTNGdXJsJTNEJTI1MjUyRmNvbnNvbGUlMjUyNTJGaW5zdGFuY2UlMjUyNTJGbGlzdCUyNnN0YXRlJTNEMmY0YWY4N2Q4OTY1:287
[   12546ms] [LOG] checklogin post redirect_uri https://www.autodl.com/wx-oauth @ https://open.weixin.qq.com/connect/qrconnect?appid=wx6fe14c601eb7453d&redirect_uri=https://www.autodl.com/wx-oauth&response_type=code&scope=snsapi_login&state=JTJGd3gtZmFzdExvZ2luJTNGdXJsJTNEJTI1MjUyRmNvbnNvbGUlMjUyNTJGaW5zdGFuY2UlMjUyNTJGbGlzdCUyNnN0YXRlJTNEMmY0YWY4N2Q4OTY1:287
[   12546ms] [LOG] 当前port:  14014 @ https://open.weixin.qq.com/connect/qrconnect?appid=wx6fe14c601eb7453d&redirect_uri=https://www.autodl.com/wx-oauth&response_type=code&scope=snsapi_login&state=JTJGd3gtZmFzdExvZ2luJTNGdXJsJTNEJTI1MjUyRmNvbnNvbGUlMjUyNTJGaW5zdGFuY2UlMjUyNTJGbGlzdCUyNnN0YXRlJTNEMmY0YWY4N2Q4OTY1:287
[   12547ms] [LOG] checklogin post redirect_uri https://www.autodl.com/wx-oauth @ https://open.weixin.qq.com/connect/qrconnect?appid=wx6fe14c601eb7453d&redirect_uri=https://www.autodl.com/wx-oauth&response_type=code&scope=snsapi_login&state=JTJGd3gtZmFzdExvZ2luJTNGdXJsJTNEJTI1MjUyRmNvbnNvbGUlMjUyNTJGaW5zdGFuY2UlMjUyNTJGbGlzdCUyNnN0YXRlJTNEMmY0YWY4N2Q4OTY1:287
[   12547ms] [LOG] 当前port:  14015 @ https://open.weixin.qq.com/connect/qrconnect?appid=wx6fe14c601eb7453d&redirect_uri=https://www.autodl.com/wx-oauth&response_type=code&scope=snsapi_login&state=JTJGd3gtZmFzdExvZ2luJTNGdXJsJTNEJTI1MjUyRmNvbnNvbGUlMjUyNTJGaW5zdGFuY2UlMjUyNTJGbGlzdCUyNnN0YXRlJTNEMmY0YWY4N2Q4OTY1:287
[   12548ms] [LOG] checklogin post redirect_uri https://www.autodl.com/wx-oauth @ https://open.weixin.qq.com/connect/qrconnect?appid=wx6fe14c601eb7453d&redirect_uri=https://www.autodl.com/wx-oauth&response_type=code&scope=snsapi_login&state=JTJGd3gtZmFzdExvZ2luJTNGdXJsJTNEJTI1MjUyRmNvbnNvbGUlMjUyNTJGaW5zdGFuY2UlMjUyNTJGbGlzdCUyNnN0YXRlJTNEMmY0YWY4N2Q4OTY1:287
[   12548ms] [LOG] 当前port:  13013 @ https://open.weixin.qq.com/connect/qrconnect?appid=wx6fe14c601eb7453d&redirect_uri=https://www.autodl.com/wx-oauth&response_type=code&scope=snsapi_login&state=JTJGd3gtZmFzdExvZ2luJTNGdXJsJTNEJTI1MjUyRmNvbnNvbGUlMjUyNTJGaW5zdGFuY2UlMjUyNTJGbGlzdCUyNnN0YXRlJTNEMmY0YWY4N2Q4OTY1:287
[   12549ms] [LOG] checklogin post redirect_uri https://www.autodl.com/wx-oauth @ https://open.weixin.qq.com/connect/qrconnect?appid=wx6fe14c601eb7453d&redirect_uri=https://www.autodl.com/wx-oauth&response_type=code&scope=snsapi_login&state=JTJGd3gtZmFzdExvZ2luJTNGdXJsJTNEJTI1MjUyRmNvbnNvbGUlMjUyNTJGaW5zdGFuY2UlMjUyNTJGbGlzdCUyNnN0YXRlJTNEMmY0YWY4N2Q4OTY1:287
[   12549ms] [LOG] 当前port:  13014 @ https://open.weixin.qq.com/connect/qrconnect?appid=wx6fe14c601eb7453d&redirect_uri=https://www.autodl.com/wx-oauth&response_type=code&scope=snsapi_login&state=JTJGd3gtZmFzdExvZ2luJTNGdXJsJTNEJTI1MjUyRmNvbnNvbGUlMjUyNTJGaW5zdGFuY2UlMjUyNTJGbGlzdCUyNnN0YXRlJTNEMmY0YWY4N2Q4OTY1:287
[   12549ms] [LOG] checklogin post redirect_uri https://www.autodl.com/wx-oauth @ https://open.weixin.qq.com/connect/qrconnect?appid=wx6fe14c601eb7453d&redirect_uri=https://www.autodl.com/wx-oauth&response_type=code&scope=snsapi_login&state=JTJGd3gtZmFzdExvZ2luJTNGdXJsJTNEJTI1MjUyRmNvbnNvbGUlMjUyNTJGaW5zdGFuY2UlMjUyNTJGbGlzdCUyNnN0YXRlJTNEMmY0YWY4N2Q4OTY1:287
[   12550ms] [LOG] 当前port:  13015 @ https://open.weixin.qq.com/connect/qrconnect?appid=wx6fe14c601eb7453d&redirect_uri=https://www.autodl.com/wx-oauth&response_type=code&scope=snsapi_login&state=JTJGd3gtZmFzdExvZ2luJTNGdXJsJTNEJTI1MjUyRmNvbnNvbGUlMjUyNTJGaW5zdGFuY2UlMjUyNTJGbGlzdCUyNnN0YXRlJTNEMmY0YWY4N2Q4OTY1:287
[   12689ms] [LOG] 端口14014连接失败，尝试下一个端口 @ https://open.weixin.qq.com/connect/qrconnect?appid=wx6fe14c601eb7453d&redirect_uri=https://www.autodl.com/wx-oauth&response_type=code&scope=snsapi_login&state=JTJGd3gtZmFzdExvZ2luJTNGdXJsJTNEJTI1MjUyRmNvbnNvbGUlMjUyNTJGaW5zdGFuY2UlMjUyNTJGbGlzdCUyNnN0YXRlJTNEMmY0YWY4N2Q4OTY1:287
[   12689ms] [LOG] before handle, fastLogin:  false @ https://open.weixin.qq.com/connect/qrconnect?appid=wx6fe14c601eb7453d&redirect_uri=https://www.autodl.com/wx-oauth&response_type=code&scope=snsapi_login&state=JTJGd3gtZmFzdExvZ2luJTNGdXJsJTNEJTI1MjUyRmNvbnNvbGUlMjUyNTJGaW5zdGFuY2UlMjUyNTJGbGlzdCUyNnN0YXRlJTNEMmY0YWY4N2Q4OTY1:287
[   12689ms] [LOG] after handle, fastLogin:  false @ https://open.weixin.qq.com/connect/qrconnect?appid=wx6fe14c601eb7453d&redirect_uri=https://www.autodl.com/wx-oauth&response_type=code&scope=snsapi_login&state=JTJGd3gtZmFzdExvZ2luJTNGdXJsJTNEJTI1MjUyRmNvbnNvbGUlMjUyNTJGaW5zdGFuY2UlMjUyNTJGbGlzdCUyNnN0YXRlJTNEMmY0YWY4N2Q4OTY1:287
[   12690ms] [ERROR] Failed to load resource: net::ERR_CONNECTION_REFUSED @ https://localhost.weixin.qq.com:14014/api/check-login:0
[   12691ms] [LOG] 端口14013连接失败，尝试下一个端口 @ https://open.weixin.qq.com/connect/qrconnect?appid=wx6fe14c601eb7453d&redirect_uri=https://www.autodl.com/wx-oauth&response_type=code&scope=snsapi_login&state=JTJGd3gtZmFzdExvZ2luJTNGdXJsJTNEJTI1MjUyRmNvbnNvbGUlMjUyNTJGaW5zdGFuY2UlMjUyNTJGbGlzdCUyNnN0YXRlJTNEMmY0YWY4N2Q4OTY1:287
[   12691ms] [LOG] before handle, fastLogin:  false @ https://open.weixin.qq.com/connect/qrconnect?appid=wx6fe14c601eb7453d&redirect_uri=https://www.autodl.com/wx-oauth&response_type=code&scope=snsapi_login&state=JTJGd3gtZmFzdExvZ2luJTNGdXJsJTNEJTI1MjUyRmNvbnNvbGUlMjUyNTJGaW5zdGFuY2UlMjUyNTJGbGlzdCUyNnN0YXRlJTNEMmY0YWY4N2Q4OTY1:287
[   12691ms] [LOG] after handle, fastLogin:  false @ https://open.weixin.qq.com/connect/qrconnect?appid=wx6fe14c601eb7453d&redirect_uri=https://www.autodl.com/wx-oauth&response_type=code&scope=snsapi_login&state=JTJGd3gtZmFzdExvZ2luJTNGdXJsJTNEJTI1MjUyRmNvbnNvbGUlMjUyNTJGaW5zdGFuY2UlMjUyNTJGbGlzdCUyNnN0YXRlJTNEMmY0YWY4N2Q4OTY1:287
[   12691ms] [ERROR] Failed to load resource: net::ERR_CONNECTION_REFUSED @ https://localhost.weixin.qq.com:14013/api/check-login:0
[   12691ms] [LOG] 端口13013连接失败，尝试下一个端口 @ https://open.weixin.qq.com/connect/qrconnect?appid=wx6fe14c601eb7453d&redirect_uri=https://www.autodl.com/wx-oauth&response_type=code&scope=snsapi_login&state=JTJGd3gtZmFzdExvZ2luJTNGdXJsJTNEJTI1MjUyRmNvbnNvbGUlMjUyNTJGaW5zdGFuY2UlMjUyNTJGbGlzdCUyNnN0YXRlJTNEMmY0YWY4N2Q4OTY1:287
[   12692ms] [LOG] before handle, fastLogin:  false @ https://open.weixin.qq.com/connect/qrconnect?appid=wx6fe14c601eb7453d&redirect_uri=https://www.autodl.com/wx-oauth&response_type=code&scope=snsapi_login&state=JTJGd3gtZmFzdExvZ2luJTNGdXJsJTNEJTI1MjUyRmNvbnNvbGUlMjUyNTJGaW5zdGFuY2UlMjUyNTJGbGlzdCUyNnN0YXRlJTNEMmY0YWY4N2Q4OTY1:287
[   12692ms] [LOG] after handle, fastLogin:  false @ https://open.weixin.qq.com/connect/qrconnect?appid=wx6fe14c601eb7453d&redirect_uri=https://www.autodl.com/wx-oauth&response_type=code&scope=snsapi_login&state=JTJGd3gtZmFzdExvZ2luJTNGdXJsJTNEJTI1MjUyRmNvbnNvbGUlMjUyNTJGaW5zdGFuY2UlMjUyNTJGbGlzdCUyNnN0YXRlJTNEMmY0YWY4N2Q4OTY1:287
[   12692ms] [ERROR] Failed to load resource: net::ERR_CONNECTION_REFUSED @ https://localhost.weixin.qq.com:13013/api/check-login:0
[   12692ms] [LOG] 端口14015连接失败，尝试下一个端口 @ https://open.weixin.qq.com/connect/qrconnect?appid=wx6fe14c601eb7453d&redirect_uri=https://www.autodl.com/wx-oauth&response_type=code&scope=snsapi_login&state=JTJGd3gtZmFzdExvZ2luJTNGdXJsJTNEJTI1MjUyRmNvbnNvbGUlMjUyNTJGaW5zdGFuY2UlMjUyNTJGbGlzdCUyNnN0YXRlJTNEMmY0YWY4N2Q4OTY1:287
[   12692ms] [LOG] before handle, fastLogin:  false @ https://open.weixin.qq.com/connect/qrconnect?appid=wx6fe14c601eb7453d&redirect_uri=https://www.autodl.com/wx-oauth&response_type=code&scope=snsapi_login&state=JTJGd3gtZmFzdExvZ2luJTNGdXJsJTNEJTI1MjUyRmNvbnNvbGUlMjUyNTJGaW5zdGFuY2UlMjUyNTJGbGlzdCUyNnN0YXRlJTNEMmY0YWY4N2Q4OTY1:287
[   12692ms] [LOG] after handle, fastLogin:  false @ https://open.weixin.qq.com/connect/qrconnect?appid=wx6fe14c601eb7453d&redirect_uri=https://www.autodl.com/wx-oauth&response_type=code&scope=snsapi_login&state=JTJGd3gtZmFzdExvZ2luJTNGdXJsJTNEJTI1MjUyRmNvbnNvbGUlMjUyNTJGaW5zdGFuY2UlMjUyNTJGbGlzdCUyNnN0YXRlJTNEMmY0YWY4N2Q4OTY1:287
[   12692ms] [ERROR] Failed to load resource: net::ERR_CONNECTION_REFUSED @ https://localhost.weixin.qq.com:14015/api/check-login:0
[   12695ms] [LOG] 端口13014连接失败，尝试下一个端口 @ https://open.weixin.qq.com/connect/qrconnect?appid=wx6fe14c601eb7453d&redirect_uri=https://www.autodl.com/wx-oauth&response_type=code&scope=snsapi_login&state=JTJGd3gtZmFzdExvZ2luJTNGdXJsJTNEJTI1MjUyRmNvbnNvbGUlMjUyNTJGaW5zdGFuY2UlMjUyNTJGbGlzdCUyNnN0YXRlJTNEMmY0YWY4N2Q4OTY1:287
[   12695ms] [LOG] before handle, fastLogin:  false @ https://open.weixin.qq.com/connect/qrconnect?appid=wx6fe14c601eb7453d&redirect_uri=https://www.autodl.com/wx-oauth&response_type=code&scope=snsapi_login&state=JTJGd3gtZmFzdExvZ2luJTNGdXJsJTNEJTI1MjUyRmNvbnNvbGUlMjUyNTJGaW5zdGFuY2UlMjUyNTJGbGlzdCUyNnN0YXRlJTNEMmY0YWY4N2Q4OTY1:287
[   12695ms] [LOG] after handle, fastLogin:  false @ https://open.weixin.qq.com/connect/qrconnect?appid=wx6fe14c601eb7453d&redirect_uri=https://www.autodl.com/wx-oauth&response_type=code&scope=snsapi_login&state=JTJGd3gtZmFzdExvZ2luJTNGdXJsJTNEJTI1MjUyRmNvbnNvbGUlMjUyNTJGaW5zdGFuY2UlMjUyNTJGbGlzdCUyNnN0YXRlJTNEMmY0YWY4N2Q4OTY1:287
[   12695ms] [ERROR] Failed to load resource: net::ERR_CONNECTION_REFUSED @ https://localhost.weixin.qq.com:13014/api/check-login:0
[   12696ms] [LOG] 端口13015连接失败，尝试下一个端口 @ https://open.weixin.qq.com/connect/qrconnect?appid=wx6fe14c601eb7453d&redirect_uri=https://www.autodl.com/wx-oauth&response_type=code&scope=snsapi_login&state=JTJGd3gtZmFzdExvZ2luJTNGdXJsJTNEJTI1MjUyRmNvbnNvbGUlMjUyNTJGaW5zdGFuY2UlMjUyNTJGbGlzdCUyNnN0YXRlJTNEMmY0YWY4N2Q4OTY1:287
[   12696ms] [LOG] before handle, fastLogin:  false @ https://open.weixin.qq.com/connect/qrconnect?appid=wx6fe14c601eb7453d&redirect_uri=https://www.autodl.com/wx-oauth&response_type=code&scope=snsapi_login&state=JTJGd3gtZmFzdExvZ2luJTNGdXJsJTNEJTI1MjUyRmNvbnNvbGUlMjUyNTJGaW5zdGFuY2UlMjUyNTJGbGlzdCUyNnN0YXRlJTNEMmY0YWY4N2Q4OTY1:287
[   12696ms] [LOG] after handle, fastLogin:  false @ https://open.weixin.qq.com/connect/qrconnect?appid=wx6fe14c601eb7453d&redirect_uri=https://www.autodl.com/wx-oauth&response_type=code&scope=snsapi_login&state=JTJGd3gtZmFzdExvZ2luJTNGdXJsJTNEJTI1MjUyRmNvbnNvbGUlMjUyNTJGaW5zdGFuY2UlMjUyNTJGbGlzdCUyNnN0YXRlJTNEMmY0YWY4N2Q4OTY1:287
[   12697ms] [LOG] fastLogin:  false @ https://open.weixin.qq.com/connect/qrconnect?appid=wx6fe14c601eb7453d&redirect_uri=https://www.autodl.com/wx-oauth&response_type=code&scope=snsapi_login&state=JTJGd3gtZmFzdExvZ2luJTNGdXJsJTNEJTI1MjUyRmNvbnNvbGUlMjUyNTJGaW5zdGFuY2UlMjUyNTJGbGlzdCUyNnN0YXRlJTNEMmY0YWY4N2Q4OTY1:287
[   12697ms] [LOG] 请求结束: Tue Jul 14 2026 13:58:08 GMT+0800 (中国标准时间) @ https://open.weixin.qq.com/connect/qrconnect?appid=wx6fe14c601eb7453d&redirect_uri=https://www.autodl.com/wx-oauth&response_type=code&scope=snsapi_login&state=JTJGd3gtZmFzdExvZ2luJTNGdXJsJTNEJTI1MjUyRmNvbnNvbGUlMjUyNTJGaW5zdGFuY2UlMjUyNTJGbGlzdCUyNnN0YXRlJTNEMmY0YWY4N2Q4OTY1:287
[   12697ms] [LOG] 请求时长: 155 ms @ https://open.weixin.qq.com/connect/qrconnect?appid=wx6fe14c601eb7453d&redirect_uri=https://www.autodl.com/wx-oauth&response_type=code&scope=snsapi_login&state=JTJGd3gtZmFzdExvZ2luJTNGdXJsJTNEJTI1MjUyRmNvbnNvbGUlMjUyNTJGaW5zdGFuY2UlMjUyNTJGbGlzdCUyNnN0YXRlJTNEMmY0YWY4N2Q4OTY1:287
[   12697ms] [ERROR] Failed to load resource: net::ERR_CONNECTION_REFUSED @ https://localhost.weixin.qq.com:13015/api/check-login:0
[   18971ms] [ERROR] Failed to load resource: net::ERR_CONNECTION_CLOSED @ https://support.weixin.qq.com/cgi-bin/mmsupportmeshnodelogicsvr-bin/cube?biz=3512&label=connect.qrconnect&action=connect_qrconnect_ready&msg=wx6fe14c601eb7453d&idx1=snsapi_login&idx2=https%253A%252F%252Fwww.autodl.com%252Fwx-oauth:0
[   89025ms] [LOG] fast_login:  null @ https://open.weixin.qq.com/connect/qrconnect?appid=wx6fe14c601eb7453d&redirect_uri=https://www.autodl.com/wx-oauth&response_type=code&scope=snsapi_login&state=JTJGd3gtZmFzdExvZ2luJTNGdXJsJTNEJTI1MjUyRmNvbnNvbGUlMjUyNTJGaW5zdGFuY2UlMjUyNTJGbGlzdCUyNnN0YXRlJTNEMmY0YWY4N2Q4OTY1:287
[   89025ms] [LOG] fastLogin_enabled:  true @ https://open.weixin.qq.com/connect/qrconnect?appid=wx6fe14c601eb7453d&redirect_uri=https://www.autodl.com/wx-oauth&response_type=code&scope=snsapi_login&state=JTJGd3gtZmFzdExvZ2luJTNGdXJsJTNEJTI1MjUyRmNvbnNvbGUlMjUyNTJGaW5zdGFuY2UlMjUyNTJGbGlzdCUyNnN0YXRlJTNEMmY0YWY4N2Q4OTY1:287
[   89027ms] [LOG] qrcode loaded， duration:  9411 @ https://open.weixin.qq.com/connect/qrconnect?appid=wx6fe14c601eb7453d&redirect_uri=https://www.autodl.com/wx-oauth&response_type=code&scope=snsapi_login&state=JTJGd3gtZmFzdExvZ2luJTNGdXJsJTNEJTI1MjUyRmNvbnNvbGUlMjUyNTJGaW5zdGFuY2UlMjUyNTJGbGlzdCUyNnN0YXRlJTNEMmY0YWY4N2Q4OTY1:287
[   89929ms] [LOG] checklogin请求发起: Tue Jul 14 2026 13:59:25 GMT+0800 (中国标准时间) @ https://open.weixin.qq.com/connect/qrconnect?appid=wx6fe14c601eb7453d&redirect_uri=https://www.autodl.com/wx-oauth&response_type=code&scope=snsapi_login&state=JTJGd3gtZmFzdExvZ2luJTNGdXJsJTNEJTI1MjUyRmNvbnNvbGUlMjUyNTJGaW5zdGFuY2UlMjUyNTJGbGlzdCUyNnN0YXRlJTNEMmY0YWY4N2Q4OTY1:287
[   89929ms] [LOG] checklogin post redirect_uri https://www.autodl.com/wx-oauth @ https://open.weixin.qq.com/connect/qrconnect?appid=wx6fe14c601eb7453d&redirect_uri=https://www.autodl.com/wx-oauth&response_type=code&scope=snsapi_login&state=JTJGd3gtZmFzdExvZ2luJTNGdXJsJTNEJTI1MjUyRmNvbnNvbGUlMjUyNTJGaW5zdGFuY2UlMjUyNTJGbGlzdCUyNnN0YXRlJTNEMmY0YWY4N2Q4OTY1:287
[   89929ms] [LOG] 当前port:  14013 @ https://open.weixin.qq.com/connect/qrconnect?appid=wx6fe14c601eb7453d&redirect_uri=https://www.autodl.com/wx-oauth&response_type=code&scope=snsapi_login&state=JTJGd3gtZmFzdExvZ2luJTNGdXJsJTNEJTI1MjUyRmNvbnNvbGUlMjUyNTJGaW5zdGFuY2UlMjUyNTJGbGlzdCUyNnN0YXRlJTNEMmY0YWY4N2Q4OTY1:287
[   89931ms] [LOG] checklogin post redirect_uri https://www.autodl.com/wx-oauth @ https://open.weixin.qq.com/connect/qrconnect?appid=wx6fe14c601eb7453d&redirect_uri=https://www.autodl.com/wx-oauth&response_type=code&scope=snsapi_login&state=JTJGd3gtZmFzdExvZ2luJTNGdXJsJTNEJTI1MjUyRmNvbnNvbGUlMjUyNTJGaW5zdGFuY2UlMjUyNTJGbGlzdCUyNnN0YXRlJTNEMmY0YWY4N2Q4OTY1:287
[   89931ms] [LOG] 当前port:  14014 @ https://open.weixin.qq.com/connect/qrconnect?appid=wx6fe14c601eb7453d&redirect_uri=https://www.autodl.com/wx-oauth&response_type=code&scope=snsapi_login&state=JTJGd3gtZmFzdExvZ2luJTNGdXJsJTNEJTI1MjUyRmNvbnNvbGUlMjUyNTJGaW5zdGFuY2UlMjUyNTJGbGlzdCUyNnN0YXRlJTNEMmY0YWY4N2Q4OTY1:287
[   89932ms] [LOG] checklogin post redirect_uri https://www.autodl.com/wx-oauth @ https://open.weixin.qq.com/connect/qrconnect?appid=wx6fe14c601eb7453d&redirect_uri=https://www.autodl.com/wx-oauth&response_type=code&scope=snsapi_login&state=JTJGd3gtZmFzdExvZ2luJTNGdXJsJTNEJTI1MjUyRmNvbnNvbGUlMjUyNTJGaW5zdGFuY2UlMjUyNTJGbGlzdCUyNnN0YXRlJTNEMmY0YWY4N2Q4OTY1:287
[   89932ms] [LOG] 当前port:  14015 @ https://open.weixin.qq.com/connect/qrconnect?appid=wx6fe14c601eb7453d&redirect_uri=https://www.autodl.com/wx-oauth&response_type=code&scope=snsapi_login&state=JTJGd3gtZmFzdExvZ2luJTNGdXJsJTNEJTI1MjUyRmNvbnNvbGUlMjUyNTJGaW5zdGFuY2UlMjUyNTJGbGlzdCUyNnN0YXRlJTNEMmY0YWY4N2Q4OTY1:287
[   89932ms] [LOG] checklogin post redirect_uri https://www.autodl.com/wx-oauth @ https://open.weixin.qq.com/connect/qrconnect?appid=wx6fe14c601eb7453d&redirect_uri=https://www.autodl.com/wx-oauth&response_type=code&scope=snsapi_login&state=JTJGd3gtZmFzdExvZ2luJTNGdXJsJTNEJTI1MjUyRmNvbnNvbGUlMjUyNTJGaW5zdGFuY2UlMjUyNTJGbGlzdCUyNnN0YXRlJTNEMmY0YWY4N2Q4OTY1:287
[   89933ms] [LOG] 当前port:  13013 @ https://open.weixin.qq.com/connect/qrconnect?appid=wx6fe14c601eb7453d&redirect_uri=https://www.autodl.com/wx-oauth&response_type=code&scope=snsapi_login&state=JTJGd3gtZmFzdExvZ2luJTNGdXJsJTNEJTI1MjUyRmNvbnNvbGUlMjUyNTJGaW5zdGFuY2UlMjUyNTJGbGlzdCUyNnN0YXRlJTNEMmY0YWY4N2Q4OTY1:287
[   89933ms] [LOG] checklogin post redirect_uri https://www.autodl.com/wx-oauth @ https://open.weixin.qq.com/connect/qrconnect?appid=wx6fe14c601eb7453d&redirect_uri=https://www.autodl.com/wx-oauth&response_type=code&scope=snsapi_login&state=JTJGd3gtZmFzdExvZ2luJTNGdXJsJTNEJTI1MjUyRmNvbnNvbGUlMjUyNTJGaW5zdGFuY2UlMjUyNTJGbGlzdCUyNnN0YXRlJTNEMmY0YWY4N2Q4OTY1:287
[   89933ms] [LOG] 当前port:  13014 @ https://open.weixin.qq.com/connect/qrconnect?appid=wx6fe14c601eb7453d&redirect_uri=https://www.autodl.com/wx-oauth&response_type=code&scope=snsapi_login&state=JTJGd3gtZmFzdExvZ2luJTNGdXJsJTNEJTI1MjUyRmNvbnNvbGUlMjUyNTJGaW5zdGFuY2UlMjUyNTJGbGlzdCUyNnN0YXRlJTNEMmY0YWY4N2Q4OTY1:287
[   89934ms] [LOG] checklogin post redirect_uri https://www.autodl.com/wx-oauth @ https://open.weixin.qq.com/connect/qrconnect?appid=wx6fe14c601eb7453d&redirect_uri=https://www.autodl.com/wx-oauth&response_type=code&scope=snsapi_login&state=JTJGd3gtZmFzdExvZ2luJTNGdXJsJTNEJTI1MjUyRmNvbnNvbGUlMjUyNTJGaW5zdGFuY2UlMjUyNTJGbGlzdCUyNnN0YXRlJTNEMmY0YWY4N2Q4OTY1:287
[   89934ms] [LOG] 当前port:  13015 @ https://open.weixin.qq.com/connect/qrconnect?appid=wx6fe14c601eb7453d&redirect_uri=https://www.autodl.com/wx-oauth&response_type=code&scope=snsapi_login&state=JTJGd3gtZmFzdExvZ2luJTNGdXJsJTNEJTI1MjUyRmNvbnNvbGUlMjUyNTJGaW5zdGFuY2UlMjUyNTJGbGlzdCUyNnN0YXRlJTNEMmY0YWY4N2Q4OTY1:287
[   89935ms] [LOG] 端口14013连接失败，尝试下一个端口 @ https://open.weixin.qq.com/connect/qrconnect?appid=wx6fe14c601eb7453d&redirect_uri=https://www.autodl.com/wx-oauth&response_type=code&scope=snsapi_login&state=JTJGd3gtZmFzdExvZ2luJTNGdXJsJTNEJTI1MjUyRmNvbnNvbGUlMjUyNTJGaW5zdGFuY2UlMjUyNTJGbGlzdCUyNnN0YXRlJTNEMmY0YWY4N2Q4OTY1:287
[   89936ms] [LOG] before handle, fastLogin:  false @ https://open.weixin.qq.com/connect/qrconnect?appid=wx6fe14c601eb7453d&redirect_uri=https://www.autodl.com/wx-oauth&response_type=code&scope=snsapi_login&state=JTJGd3gtZmFzdExvZ2luJTNGdXJsJTNEJTI1MjUyRmNvbnNvbGUlMjUyNTJGaW5zdGFuY2UlMjUyNTJGbGlzdCUyNnN0YXRlJTNEMmY0YWY4N2Q4OTY1:287
[   89936ms] [LOG] after handle, fastLogin:  false @ https://open.weixin.qq.com/connect/qrconnect?appid=wx6fe14c601eb7453d&redirect_uri=https://www.autodl.com/wx-oauth&response_type=code&scope=snsapi_login&state=JTJGd3gtZmFzdExvZ2luJTNGdXJsJTNEJTI1MjUyRmNvbnNvbGUlMjUyNTJGaW5zdGFuY2UlMjUyNTJGbGlzdCUyNnN0YXRlJTNEMmY0YWY4N2Q4OTY1:287
[   89937ms] [ERROR] Failed to load resource: net::ERR_CONNECTION_REFUSED @ https://localhost.weixin.qq.com:14013/api/check-login:0
[   89938ms] [LOG] 端口14014连接失败，尝试下一个端口 @ https://open.weixin.qq.com/connect/qrconnect?appid=wx6fe14c601eb7453d&redirect_uri=https://www.autodl.com/wx-oauth&response_type=code&scope=snsapi_login&state=JTJGd3gtZmFzdExvZ2luJTNGdXJsJTNEJTI1MjUyRmNvbnNvbGUlMjUyNTJGaW5zdGFuY2UlMjUyNTJGbGlzdCUyNnN0YXRlJTNEMmY0YWY4N2Q4OTY1:287
[   89938ms] [LOG] before handle, fastLogin:  false @ https://open.weixin.qq.com/connect/qrconnect?appid=wx6fe14c601eb7453d&redirect_uri=https://www.autodl.com/wx-oauth&response_type=code&scope=snsapi_login&state=JTJGd3gtZmFzdExvZ2luJTNGdXJsJTNEJTI1MjUyRmNvbnNvbGUlMjUyNTJGaW5zdGFuY2UlMjUyNTJGbGlzdCUyNnN0YXRlJTNEMmY0YWY4N2Q4OTY1:287
[   89938ms] [LOG] after handle, fastLogin:  false @ https://open.weixin.qq.com/connect/qrconnect?appid=wx6fe14c601eb7453d&redirect_uri=https://www.autodl.com/wx-oauth&response_type=code&scope=snsapi_login&state=JTJGd3gtZmFzdExvZ2luJTNGdXJsJTNEJTI1MjUyRmNvbnNvbGUlMjUyNTJGaW5zdGFuY2UlMjUyNTJGbGlzdCUyNnN0YXRlJTNEMmY0YWY4N2Q4OTY1:287
[   89938ms] [ERROR] Failed to load resource: net::ERR_CONNECTION_REFUSED @ https://localhost.weixin.qq.com:14014/api/check-login:0
[   89938ms] [LOG] 端口14015连接失败，尝试下一个端口 @ https://open.weixin.qq.com/connect/qrconnect?appid=wx6fe14c601eb7453d&redirect_uri=https://www.autodl.com/wx-oauth&response_type=code&scope=snsapi_login&state=JTJGd3gtZmFzdExvZ2luJTNGdXJsJTNEJTI1MjUyRmNvbnNvbGUlMjUyNTJGaW5zdGFuY2UlMjUyNTJGbGlzdCUyNnN0YXRlJTNEMmY0YWY4N2Q4OTY1:287
[   89938ms] [LOG] before handle, fastLogin:  false @ https://open.weixin.qq.com/connect/qrconnect?appid=wx6fe14c601eb7453d&redirect_uri=https://www.autodl.com/wx-oauth&response_type=code&scope=snsapi_login&state=JTJGd3gtZmFzdExvZ2luJTNGdXJsJTNEJTI1MjUyRmNvbnNvbGUlMjUyNTJGaW5zdGFuY2UlMjUyNTJGbGlzdCUyNnN0YXRlJTNEMmY0YWY4N2Q4OTY1:287
[   89939ms] [LOG] after handle, fastLogin:  false @ https://open.weixin.qq.com/connect/qrconnect?appid=wx6fe14c601eb7453d&redirect_uri=https://www.autodl.com/wx-oauth&response_type=code&scope=snsapi_login&state=JTJGd3gtZmFzdExvZ2luJTNGdXJsJTNEJTI1MjUyRmNvbnNvbGUlMjUyNTJGaW5zdGFuY2UlMjUyNTJGbGlzdCUyNnN0YXRlJTNEMmY0YWY4N2Q4OTY1:287
[   89939ms] [ERROR] Failed to load resource: net::ERR_CONNECTION_REFUSED @ https://localhost.weixin.qq.com:14015/api/check-login:0
[   89939ms] [LOG] 端口13014连接失败，尝试下一个端口 @ https://open.weixin.qq.com/connect/qrconnect?appid=wx6fe14c601eb7453d&redirect_uri=https://www.autodl.com/wx-oauth&response_type=code&scope=snsapi_login&state=JTJGd3gtZmFzdExvZ2luJTNGdXJsJTNEJTI1MjUyRmNvbnNvbGUlMjUyNTJGaW5zdGFuY2UlMjUyNTJGbGlzdCUyNnN0YXRlJTNEMmY0YWY4N2Q4OTY1:287
[   89939ms] [LOG] before handle, fastLogin:  false @ https://open.weixin.qq.com/connect/qrconnect?appid=wx6fe14c601eb7453d&redirect_uri=https://www.autodl.com/wx-oauth&response_type=code&scope=snsapi_login&state=JTJGd3gtZmFzdExvZ2luJTNGdXJsJTNEJTI1MjUyRmNvbnNvbGUlMjUyNTJGaW5zdGFuY2UlMjUyNTJGbGlzdCUyNnN0YXRlJTNEMmY0YWY4N2Q4OTY1:287
[   89939ms] [LOG] after handle, fastLogin:  false @ https://open.weixin.qq.com/connect/qrconnect?appid=wx6fe14c601eb7453d&redirect_uri=https://www.autodl.com/wx-oauth&response_type=code&scope=snsapi_login&state=JTJGd3gtZmFzdExvZ2luJTNGdXJsJTNEJTI1MjUyRmNvbnNvbGUlMjUyNTJGaW5zdGFuY2UlMjUyNTJGbGlzdCUyNnN0YXRlJTNEMmY0YWY4N2Q4OTY1:287
[   89939ms] [ERROR] Failed to load resource: net::ERR_CONNECTION_REFUSED @ https://localhost.weixin.qq.com:13014/api/check-login:0
[   89939ms] [LOG] 端口13013连接失败，尝试下一个端口 @ https://open.weixin.qq.com/connect/qrconnect?appid=wx6fe14c601eb7453d&redirect_uri=https://www.autodl.com/wx-oauth&response_type=code&scope=snsapi_login&state=JTJGd3gtZmFzdExvZ2luJTNGdXJsJTNEJTI1MjUyRmNvbnNvbGUlMjUyNTJGaW5zdGFuY2UlMjUyNTJGbGlzdCUyNnN0YXRlJTNEMmY0YWY4N2Q4OTY1:287
[   89939ms] [LOG] before handle, fastLogin:  false @ https://open.weixin.qq.com/connect/qrconnect?appid=wx6fe14c601eb7453d&redirect_uri=https://www.autodl.com/wx-oauth&response_type=code&scope=snsapi_login&state=JTJGd3gtZmFzdExvZ2luJTNGdXJsJTNEJTI1MjUyRmNvbnNvbGUlMjUyNTJGaW5zdGFuY2UlMjUyNTJGbGlzdCUyNnN0YXRlJTNEMmY0YWY4N2Q4OTY1:287
[   89939ms] [LOG] after handle, fastLogin:  false @ https://open.weixin.qq.com/connect/qrconnect?appid=wx6fe14c601eb7453d&redirect_uri=https://www.autodl.com/wx-oauth&response_type=code&scope=snsapi_login&state=JTJGd3gtZmFzdExvZ2luJTNGdXJsJTNEJTI1MjUyRmNvbnNvbGUlMjUyNTJGaW5zdGFuY2UlMjUyNTJGbGlzdCUyNnN0YXRlJTNEMmY0YWY4N2Q4OTY1:287
[   89940ms] [ERROR] Failed to load resource: net::ERR_CONNECTION_REFUSED @ https://localhost.weixin.qq.com:13013/api/check-login:0
[   89940ms] [LOG] 端口13015连接失败，尝试下一个端口 @ https://open.weixin.qq.com/connect/qrconnect?appid=wx6fe14c601eb7453d&redirect_uri=https://www.autodl.com/wx-oauth&response_type=code&scope=snsapi_login&state=JTJGd3gtZmFzdExvZ2luJTNGdXJsJTNEJTI1MjUyRmNvbnNvbGUlMjUyNTJGaW5zdGFuY2UlMjUyNTJGbGlzdCUyNnN0YXRlJTNEMmY0YWY4N2Q4OTY1:287
[   89940ms] [LOG] before handle, fastLogin:  false @ https://open.weixin.qq.com/connect/qrconnect?appid=wx6fe14c601eb7453d&redirect_uri=https://www.autodl.com/wx-oauth&response_type=code&scope=snsapi_login&state=JTJGd3gtZmFzdExvZ2luJTNGdXJsJTNEJTI1MjUyRmNvbnNvbGUlMjUyNTJGaW5zdGFuY2UlMjUyNTJGbGlzdCUyNnN0YXRlJTNEMmY0YWY4N2Q4OTY1:287
[   89940ms] [LOG] after handle, fastLogin:  false @ https://open.weixin.qq.com/connect/qrconnect?appid=wx6fe14c601eb7453d&redirect_uri=https://www.autodl.com/wx-oauth&response_type=code&scope=snsapi_login&state=JTJGd3gtZmFzdExvZ2luJTNGdXJsJTNEJTI1MjUyRmNvbnNvbGUlMjUyNTJGaW5zdGFuY2UlMjUyNTJGbGlzdCUyNnN0YXRlJTNEMmY0YWY4N2Q4OTY1:287
[   89941ms] [LOG] fastLogin:  false @ https://open.weixin.qq.com/connect/qrconnect?appid=wx6fe14c601eb7453d&redirect_uri=https://www.autodl.com/wx-oauth&response_type=code&scope=snsapi_login&state=JTJGd3gtZmFzdExvZ2luJTNGdXJsJTNEJTI1MjUyRmNvbnNvbGUlMjUyNTJGaW5zdGFuY2UlMjUyNTJGbGlzdCUyNnN0YXRlJTNEMmY0YWY4N2Q4OTY1:287
[   89941ms] [LOG] 请求结束: Tue Jul 14 2026 13:59:25 GMT+0800 (中国标准时间) @ https://open.weixin.qq.com/connect/qrconnect?appid=wx6fe14c601eb7453d&redirect_uri=https://www.autodl.com/wx-oauth&response_type=code&scope=snsapi_login&state=JTJGd3gtZmFzdExvZ2luJTNGdXJsJTNEJTI1MjUyRmNvbnNvbGUlMjUyNTJGaW5zdGFuY2UlMjUyNTJGbGlzdCUyNnN0YXRlJTNEMmY0YWY4N2Q4OTY1:287
[   89941ms] [LOG] 请求时长: 12 ms @ https://open.weixin.qq.com/connect/qrconnect?appid=wx6fe14c601eb7453d&redirect_uri=https://www.autodl.com/wx-oauth&response_type=code&scope=snsapi_login&state=JTJGd3gtZmFzdExvZ2luJTNGdXJsJTNEJTI1MjUyRmNvbnNvbGUlMjUyNTJGaW5zdGFuY2UlMjUyNTJGbGlzdCUyNnN0YXRlJTNEMmY0YWY4N2Q4OTY1:287
[   89941ms] [ERROR] Failed to load resource: net::ERR_CONNECTION_REFUSED @ https://localhost.weixin.qq.com:13015/api/check-login:0
[  100241ms] [LOG] 扫码redirect_uri:  https://www.autodl.com/wx-oauth?code=011MwkGa1sNm4M0objJa1T8RN04MwkGu&state=JTJGd3gtZmFzdExvZ2luJTNGdXJsJTNEJTI1MjUyRmNvbnNvbGUlMjUyNTJGaW5zdGFuY2UlMjUyNTJGbGlzdCUyNnN0YXRlJTNEMmY0YWY4N2Q4OTY1 @ https://open.weixin.qq.com/connect/qrconnect?appid=wx6fe14c601eb7453d&redirect_uri=https://www.autodl.com/wx-oauth&response_type=code&scope=snsapi_login&state=JTJGd3gtZmFzdExvZ2luJTNGdXJsJTNEJTI1MjUyRmNvbnNvbGUlMjUyNTJGaW5zdGFuY2UlMjUyNTJGbGlzdCUyNnN0YXRlJTNEMmY0YWY4N2Q4OTY1:286
[  100681ms] [LOG] production @ https://www.autodl.com/assets/components.7b75c5a6.js:0
[  100686ms] [LOG] https://www.autodl.com @ https://www.autodl.com/assets/service-code.2c1d2cac.js:0
[  100900ms] [LOG] production @ https://www.autodl.com/assets/components.7b75c5a6.js:0
[  100901ms] [LOG] https://www.autodl.com @ https://www.autodl.com/assets/service-code.2c1d2cac.js:0
[  101983ms] [LOG] URL @ https://www.autodl.com/assets/components.7b75c5a6.js:0
[  102129ms] [LOG] production @ https://www.autodl.com/assets/components.7b75c5a6.js:0
[  102131ms] [LOG] https://www.autodl.com @ https://www.autodl.com/assets/service-code.2c1d2cac.js:0
[  107399ms] [COUNT] %c%d: 1 @ https://g.alicdn.com/captcha-frontend/FeiLin/1.4.2/feilin104.f39298df43efd0cdf80d4119baa58370fe02ddb93efd744cb5f68db5a4e5256c.js:0
[  107399ms] [DIR] %c%d font-size:0;color:transparent Error @ https://g.alicdn.com/captcha-frontend/FeiLin/1.4.2/feilin104.f39298df43efd0cdf80d4119baa58370fe02ddb93efd744cb5f68db5a4e5256c.js:0
[  107399ms] [DIRXML] %c%d font-size:0;color:transparent Error @ https://g.alicdn.com/captcha-frontend/FeiLin/1.4.2/feilin104.f39298df43efd0cdf80d4119baa58370fe02ddb93efd744cb5f68db5a4e5256c.js:0
[  107400ms] [INFO] %c%d font-size:0;color:transparent NaN @ https://g.alicdn.com/captcha-frontend/FeiLin/1.4.2/feilin104.f39298df43efd0cdf80d4119baa58370fe02ddb93efd744cb5f68db5a4e5256c.js:0
[  107400ms] [INFO] %c%d font-size:0;color:transparent NaN @ https://g.alicdn.com/captcha-frontend/FeiLin/1.4.2/feilin104.f39298df43efd0cdf80d4119baa58370fe02ddb93efd744cb5f68db5a4e5256c.js:0
[  107400ms] [LOG] %c%d font-size:0;color:transparent NaN @ https://g.alicdn.com/captcha-frontend/FeiLin/1.4.2/feilin104.f39298df43efd0cdf80d4119baa58370fe02ddb93efd744cb5f68db5a4e5256c.js:0
[  107400ms] [TABLE] %c%d font-size:0;color:transparent Error @ https://g.alicdn.com/captcha-frontend/FeiLin/1.4.2/feilin104.f39298df43efd0cdf80d4119baa58370fe02ddb93efd744cb5f68db5a4e5256c.js:0
[  107400ms] [INFO] %c%d font-size:0;color:transparent NaN @ https://g.alicdn.com/captcha-frontend/FeiLin/1.4.2/feilin104.f39298df43efd0cdf80d4119baa58370fe02ddb93efd744cb5f68db5a4e5256c.js:0
