[    4168ms] [LOG] production @ https://www.autodl.com/assets/components.7b75c5a6.js:0
[    4173ms] [LOG] https://www.autodl.com @ https://www.autodl.com/assets/service-code.2c1d2cac.js:0
[    9978ms] [COUNT] %c%d: 1 @ https://g.alicdn.com/captcha-frontend/FeiLin/1.4.2/feilin104.f39298df43efd0cdf80d4119baa58370fe02ddb93efd744cb5f68db5a4e5256c.js:0
[    9978ms] [DIR] %c%d font-size:0;color:transparent Error @ https://g.alicdn.com/captcha-frontend/FeiLin/1.4.2/feilin104.f39298df43efd0cdf80d4119baa58370fe02ddb93efd744cb5f68db5a4e5256c.js:0
[    9978ms] [DIRXML] %c%d font-size:0;color:transparent Error @ https://g.alicdn.com/captcha-frontend/FeiLin/1.4.2/feilin104.f39298df43efd0cdf80d4119baa58370fe02ddb93efd744cb5f68db5a4e5256c.js:0
[    9978ms] [INFO] %c%d font-size:0;color:transparent NaN @ https://g.alicdn.com/captcha-frontend/FeiLin/1.4.2/feilin104.f39298df43efd0cdf80d4119baa58370fe02ddb93efd744cb5f68db5a4e5256c.js:0
[    9978ms] [INFO] %c%d font-size:0;color:transparent NaN @ https://g.alicdn.com/captcha-frontend/FeiLin/1.4.2/feilin104.f39298df43efd0cdf80d4119baa58370fe02ddb93efd744cb5f68db5a4e5256c.js:0
[    9978ms] [LOG] %c%d font-size:0;color:transparent NaN @ https://g.alicdn.com/captcha-frontend/FeiLin/1.4.2/feilin104.f39298df43efd0cdf80d4119baa58370fe02ddb93efd744cb5f68db5a4e5256c.js:0
[    9978ms] [TABLE] %c%d font-size:0;color:transparent Error @ https://g.alicdn.com/captcha-frontend/FeiLin/1.4.2/feilin104.f39298df43efd0cdf80d4119baa58370fe02ddb93efd744cb5f68db5a4e5256c.js:0
[    9979ms] [INFO] %c%d font-size:0;color:transparent NaN @ https://g.alicdn.com/captcha-frontend/FeiLin/1.4.2/feilin104.f39298df43efd0cdf80d4119baa58370fe02ddb93efd744cb5f68db5a4e5256c.js:0
[   54502ms] [ERROR] Error: Error: timeout
    at https://g.alicdn.com/captcha-frontend/FeiLin/1.4.2/feilin104.f39298df43efd0cdf80d4119baa58370fe02ddb93efd744cb5f68db5a4e5256c.js:1:195769
    at new Promise (<anonymous>)
    at https://g.alicdn.com/captcha-frontend/FeiLin/1.4.2/feilin104.f39298df43efd0cdf80d4119baa58370fe02ddb93efd744cb5f68db5a4e5256c.js:1:195734 @ https://g.alicdn.com/captcha-frontend/FeiLin/1.4.2/feilin104.f39298df43efd0cdf80d4119baa58370fe02ddb93efd744cb5f68db5a4e5256c.js:0
[   58551ms] [LOG] URL @ https://www.autodl.com/assets/components.7b75c5a6.js:0
[   58760ms] [LOG] production @ https://www.autodl.com/assets/components.7b75c5a6.js:0
[   58763ms] [LOG] https://www.autodl.com @ https://www.autodl.com/assets/service-code.2c1d2cac.js:0
[   68701ms] [ERROR] Error: timeout
    at o.ontimeout (https://o.alicdn.com/captcha-frontend/aliyunCaptcha/AliyunCaptcha.js:1:199493) @ https://o.alicdn.com/captcha-frontend/aliyunCaptcha/AliyunCaptcha.js:0
[   68904ms] [COUNT] %c%d: 1 @ https://g.alicdn.com/captcha-frontend/FeiLin/1.4.2/feilin104.f39298df43efd0cdf80d4119baa58370fe02ddb93efd744cb5f68db5a4e5256c.js:0
[   68904ms] [DIR] %c%d font-size:0;color:transparent Error @ https://g.alicdn.com/captcha-frontend/FeiLin/1.4.2/feilin104.f39298df43efd0cdf80d4119baa58370fe02ddb93efd744cb5f68db5a4e5256c.js:0
[   68904ms] [DIRXML] %c%d font-size:0;color:transparent Error @ https://g.alicdn.com/captcha-frontend/FeiLin/1.4.2/feilin104.f39298df43efd0cdf80d4119baa58370fe02ddb93efd744cb5f68db5a4e5256c.js:0
[   68904ms] [INFO] %c%d font-size:0;color:transparent NaN @ https://g.alicdn.com/captcha-frontend/FeiLin/1.4.2/feilin104.f39298df43efd0cdf80d4119baa58370fe02ddb93efd744cb5f68db5a4e5256c.js:0
[   68904ms] [INFO] %c%d font-size:0;color:transparent NaN @ https://g.alicdn.com/captcha-frontend/FeiLin/1.4.2/feilin104.f39298df43efd0cdf80d4119baa58370fe02ddb93efd744cb5f68db5a4e5256c.js:0
[   68904ms] [LOG] %c%d font-size:0;color:transparent NaN @ https://g.alicdn.com/captcha-frontend/FeiLin/1.4.2/feilin104.f39298df43efd0cdf80d4119baa58370fe02ddb93efd744cb5f68db5a4e5256c.js:0
[   68904ms] [TABLE] %c%d font-size:0;color:transparent Error @ https://g.alicdn.com/captcha-frontend/FeiLin/1.4.2/feilin104.f39298df43efd0cdf80d4119baa58370fe02ddb93efd744cb5f68db5a4e5256c.js:0
[   68904ms] [INFO] %c%d font-size:0;color:transparent NaN @ https://g.alicdn.com/captcha-frontend/FeiLin/1.4.2/feilin104.f39298df43efd0cdf80d4119baa58370fe02ddb93efd744cb5f68db5a4e5256c.js:0
[   89172ms] Error: timeout of 30000ms exceeded
    at ej (https://www.autodl.com/assets/vendor.93a2c36e.js:44:81309)
    at o.ontimeout (https://www.autodl.com/assets/vendor.93a2c36e.js:44:84417)
[   89172ms] Error: timeout of 30000ms exceeded
    at ej (https://www.autodl.com/assets/vendor.93a2c36e.js:44:81309)
    at o.ontimeout (https://www.autodl.com/assets/vendor.93a2c36e.js:44:84417)
[   89172ms] Error: timeout of 30000ms exceeded
    at ej (https://www.autodl.com/assets/vendor.93a2c36e.js:44:81309)
    at o.ontimeout (https://www.autodl.com/assets/vendor.93a2c36e.js:44:84417)
